../Project/CeNTI_Library/lib/SoftTimer/CeNTI_SoftTimer.c:133:8:SoftTimer__Initialize	24	static
../Project/CeNTI_Library/lib/SoftTimer/CeNTI_SoftTimer.c:426:8:SoftTimer__Delay_msec	40	static
../Project/CeNTI_Library/lib/SoftTimer/CeNTI_SoftTimer.c:456:8:SoftTimer__Delay_sec	40	static
../Project/CeNTI_Library/lib/SoftTimer/CeNTI_SoftTimer.c:486:8:SoftTimer__Start	48	static
../Project/CeNTI_Library/lib/SoftTimer/CeNTI_SoftTimer.c:523:8:SoftTimer__Stop	24	static
../Project/CeNTI_Library/lib/SoftTimer/CeNTI_SoftTimer.c:546:8:SoftTimer__Restart	40	static
../Project/CeNTI_Library/lib/SoftTimer/CeNTI_SoftTimer.c:578:28:SoftTimer__Get_RunningState	16	static
../Project/CeNTI_Library/lib/SoftTimer/CeNTI_SoftTimer.c:588:28:SoftTimer__Get_ElapsedState	16	static
../Project/CeNTI_Library/lib/SoftTimer/CeNTI_SoftTimer.c:633:10:HAL_IncTick	8	static
../Project/CeNTI_Library/lib/SoftTimer/CeNTI_SoftTimer.c:707:15:SoftTimer_PRIV__CheckTimer	24	static
