Archive member included to satisfy reference by file (symbol)

C:/ST/STM32CubeIDE_1.13.2/STM32CubeIDE/plugins/com.st.stm32cube.ide.mcu.externaltools.gnu-tools-for-stm32.11.3.rel1.win32_1.1.1.202309131626/tools/bin/../lib/gcc/arm-none-eabi/11.3.1/../../../../arm-none-eabi/lib/thumb/v7e-m+fp/hard\libc_nano.a(libc_a-exit.o)
                              C:/ST/STM32CubeIDE_1.13.2/STM32CubeIDE/plugins/com.st.stm32cube.ide.mcu.externaltools.gnu-tools-for-stm32.11.3.rel1.win32_1.1.1.202309131626/tools/bin/../lib/gcc/arm-none-eabi/11.3.1/../../../../arm-none-eabi/lib/thumb/v7e-m+fp/hard/crt0.o (exit)
C:/ST/STM32CubeIDE_1.13.2/STM32CubeIDE/plugins/com.st.stm32cube.ide.mcu.externaltools.gnu-tools-for-stm32.11.3.rel1.win32_1.1.1.202309131626/tools/bin/../lib/gcc/arm-none-eabi/11.3.1/../../../../arm-none-eabi/lib/thumb/v7e-m+fp/hard\libc_nano.a(libc_a-qsort.o)
                              ./Project/CeNTI_Library/lib/ArrayList/CeNTI_ArrayList.o (qsort)
C:/ST/STM32CubeIDE_1.13.2/STM32CubeIDE/plugins/com.st.stm32cube.ide.mcu.externaltools.gnu-tools-for-stm32.11.3.rel1.win32_1.1.1.202309131626/tools/bin/../lib/gcc/arm-none-eabi/11.3.1/../../../../arm-none-eabi/lib/thumb/v7e-m+fp/hard\libc_nano.a(libc_a-findfp.o)
                              C:/ST/STM32CubeIDE_1.13.2/STM32CubeIDE/plugins/com.st.stm32cube.ide.mcu.externaltools.gnu-tools-for-stm32.11.3.rel1.win32_1.1.1.202309131626/tools/bin/../lib/gcc/arm-none-eabi/11.3.1/../../../../arm-none-eabi/lib/thumb/v7e-m+fp/hard\libc_nano.a(libc_a-exit.o) (__stdio_exit_handler)
C:/ST/STM32CubeIDE_1.13.2/STM32CubeIDE/plugins/com.st.stm32cube.ide.mcu.externaltools.gnu-tools-for-stm32.11.3.rel1.win32_1.1.1.202309131626/tools/bin/../lib/gcc/arm-none-eabi/11.3.1/../../../../arm-none-eabi/lib/thumb/v7e-m+fp/hard\libc_nano.a(libc_a-fwalk.o)
                              C:/ST/STM32CubeIDE_1.13.2/STM32CubeIDE/plugins/com.st.stm32cube.ide.mcu.externaltools.gnu-tools-for-stm32.11.3.rel1.win32_1.1.1.202309131626/tools/bin/../lib/gcc/arm-none-eabi/11.3.1/../../../../arm-none-eabi/lib/thumb/v7e-m+fp/hard\libc_nano.a(libc_a-findfp.o) (_fwalk_sglue)
C:/ST/STM32CubeIDE_1.13.2/STM32CubeIDE/plugins/com.st.stm32cube.ide.mcu.externaltools.gnu-tools-for-stm32.11.3.rel1.win32_1.1.1.202309131626/tools/bin/../lib/gcc/arm-none-eabi/11.3.1/../../../../arm-none-eabi/lib/thumb/v7e-m+fp/hard\libc_nano.a(libc_a-printf.o)
                              ./Core/Src/main.o (printf)
C:/ST/STM32CubeIDE_1.13.2/STM32CubeIDE/plugins/com.st.stm32cube.ide.mcu.externaltools.gnu-tools-for-stm32.11.3.rel1.win32_1.1.1.202309131626/tools/bin/../lib/gcc/arm-none-eabi/11.3.1/../../../../arm-none-eabi/lib/thumb/v7e-m+fp/hard\libc_nano.a(libc_a-putchar.o)
                              ./Core/Src/main.o (putchar)
C:/ST/STM32CubeIDE_1.13.2/STM32CubeIDE/plugins/com.st.stm32cube.ide.mcu.externaltools.gnu-tools-for-stm32.11.3.rel1.win32_1.1.1.202309131626/tools/bin/../lib/gcc/arm-none-eabi/11.3.1/../../../../arm-none-eabi/lib/thumb/v7e-m+fp/hard\libc_nano.a(libc_a-stdio.o)
                              C:/ST/STM32CubeIDE_1.13.2/STM32CubeIDE/plugins/com.st.stm32cube.ide.mcu.externaltools.gnu-tools-for-stm32.11.3.rel1.win32_1.1.1.202309131626/tools/bin/../lib/gcc/arm-none-eabi/11.3.1/../../../../arm-none-eabi/lib/thumb/v7e-m+fp/hard\libc_nano.a(libc_a-findfp.o) (__sread)
C:/ST/STM32CubeIDE_1.13.2/STM32CubeIDE/plugins/com.st.stm32cube.ide.mcu.externaltools.gnu-tools-for-stm32.11.3.rel1.win32_1.1.1.202309131626/tools/bin/../lib/gcc/arm-none-eabi/11.3.1/../../../../arm-none-eabi/lib/thumb/v7e-m+fp/hard\libc_nano.a(libc_a-memmove.o)
                              ./Project/CeNTI_Library/lib/ArrayList/CeNTI_ArrayList.o (memmove)
C:/ST/STM32CubeIDE_1.13.2/STM32CubeIDE/plugins/com.st.stm32cube.ide.mcu.externaltools.gnu-tools-for-stm32.11.3.rel1.win32_1.1.1.202309131626/tools/bin/../lib/gcc/arm-none-eabi/11.3.1/../../../../arm-none-eabi/lib/thumb/v7e-m+fp/hard\libc_nano.a(libc_a-memset.o)
                              C:/ST/STM32CubeIDE_1.13.2/STM32CubeIDE/plugins/com.st.stm32cube.ide.mcu.externaltools.gnu-tools-for-stm32.11.3.rel1.win32_1.1.1.202309131626/tools/bin/../lib/gcc/arm-none-eabi/11.3.1/../../../../arm-none-eabi/lib/thumb/v7e-m+fp/hard/crt0.o (memset)
C:/ST/STM32CubeIDE_1.13.2/STM32CubeIDE/plugins/com.st.stm32cube.ide.mcu.externaltools.gnu-tools-for-stm32.11.3.rel1.win32_1.1.1.202309131626/tools/bin/../lib/gcc/arm-none-eabi/11.3.1/../../../../arm-none-eabi/lib/thumb/v7e-m+fp/hard\libc_nano.a(libc_a-closer.o)
                              C:/ST/STM32CubeIDE_1.13.2/STM32CubeIDE/plugins/com.st.stm32cube.ide.mcu.externaltools.gnu-tools-for-stm32.11.3.rel1.win32_1.1.1.202309131626/tools/bin/../lib/gcc/arm-none-eabi/11.3.1/../../../../arm-none-eabi/lib/thumb/v7e-m+fp/hard\libc_nano.a(libc_a-stdio.o) (_close_r)
[...]
Memory Configuration

Name             Origin             Length             Attributes
RAM              0x0000000020000000 0x0000000000018000 xrw
RAM2             0x0000000010000000 0x0000000000008000 xrw
FLASH            0x0000000008000000 0x0000000000100000 xr
*default*        0x0000000000000000 0xffffffffffffffff

Linker script and memory map

LOAD C:/ST/STM32CubeIDE_1.13.2/STM32CubeIDE/plugins/com.st.stm32cube.ide.mcu.externaltools.gnu-tools-for-stm32.11.3.rel1.win32_1.1.1.202309131626/tools/bin/../lib/gcc/arm-none-eabi/11.3.1/thumb/v7e-m+fp/hard/crti.o
LOAD C:/ST/STM32CubeIDE_1.13.2/STM32CubeIDE/plugins/com.st.stm32cube.ide.mcu.externaltools.gnu-tools-for-stm32.11.3.rel1.win32_1.1.1.202309131626/tools/bin/../lib/gcc/arm-none-eabi/11.3.1/thumb/v7e-m+fp/hard/crtbegin.o
LOAD C:/ST/STM32CubeIDE_1.13.2/STM32CubeIDE/plugins/com.st.stm32cube.ide.mcu.externaltools.gnu-tools-for-stm32.11.3.rel1.win32_1.1.1.202309131626/tools/bin/../lib/gcc/arm-none-eabi/11.3.1/../../../../arm-none-eabi/lib/thumb/v7e-m+fp/hard/crt0.o
LOAD ./Core/Src/gpio.o
LOAD ./Core/Src/main.o
LOAD ./Core/Src/stm32l4xx_hal_msp.o
LOAD ./Core/Src/stm32l4xx_it.o
LOAD ./Core/Src/syscalls.o
LOAD ./Core/Src/sysmem.o
LOAD ./Core/Src/system_stm32l4xx.o
LOAD ./Core/Src/usart.o
LOAD ./Core/Startup/startup_stm32l476rgtx.o
LOAD ./Drivers/STM32L4xx_HAL_Driver/Src/stm32l4xx_hal.o
LOAD ./Drivers/STM32L4xx_HAL_Driver/Src/stm32l4xx_hal_cortex.o
LOAD ./Drivers/STM32L4xx_HAL_Driver/Src/stm32l4xx_hal_dma.o
LOAD ./Drivers/STM32L4xx_HAL_Driver/Src/stm32l4xx_hal_dma_ex.o
LOAD ./Drivers/STM32L4xx_HAL_Driver/Src/stm32l4xx_hal_exti.o
LOAD ./Drivers/STM32L4xx_HAL_Driver/Src/stm32l4xx_hal_flash.o
LOAD ./Drivers/STM32L4xx_HAL_Driver/Src/stm32l4xx_hal_flash_ex.o
LOAD ./Drivers/STM32L4xx_HAL_Driver/Src/stm32l4xx_hal_flash_ramfunc.o
LOAD ./Drivers/STM32L4xx_HAL_Driver/Src/stm32l4xx_hal_gpio.o
LOAD ./Drivers/STM32L4xx_HAL_Driver/Src/stm32l4xx_hal_pwr.o
LOAD ./Drivers/STM32L4xx_HAL_Driver/Src/stm32l4xx_hal_pwr_ex.o
LOAD ./Drivers/STM32L4xx_HAL_Driver/Src/stm32l4xx_hal_rcc.o
LOAD ./Drivers/STM32L4xx_HAL_Driver/Src/stm32l4xx_hal_rcc_ex.o
LOAD ./Drivers/STM32L4xx_HAL_Driver/Src/stm32l4xx_hal_tim.o
LOAD ./Drivers/STM32L4xx_HAL_Driver/Src/stm32l4xx_hal_tim_ex.o
LOAD ./Drivers/STM32L4xx_HAL_Driver/Src/stm32l4xx_hal_uart.o
LOAD ./Drivers/STM32L4xx_HAL_Driver/Src/stm32l4xx_hal_uart_ex.o
LOAD ./Project/CeNTI_Library/HAL/COM/I2C/Master/CeNTI_I2C_0_Master.o
LOAD ./Project/CeNTI_Library/HAL/COM/I2C/Master/CeNTI_I2C_1_Master.o
LOAD ./Project/CeNTI_Library/HAL/COM/I2C/Master/CeNTI_I2C_2_Master.o
LOAD ./Project/CeNTI_Library/HAL/COM/I2C/Master/CeNTI_I2C_3_Master.o
LOAD ./Project/CeNTI_Library/HAL/COM/I2C/Master/CeNTI_I2C_4_Master.o
LOAD ./Project/CeNTI_Library/HAL/COM/I2C/Master/CeNTI_I2C_5_Master.o
LOAD ./Project/CeNTI_Library/HAL/COM/I2C/Master/CeNTI_I2C_6_Master.o
LOAD ./Project/CeNTI_Library/HAL/COM/I2C/Master/CeNTI_I2C_7_Master.o
LOAD ./Project/CeNTI_Library/HAL/COM/I2C/Slave/CeNTI_I2C_0_Slave.o
LOAD ./Project/CeNTI_Library/HAL/COM/I2C/Slave/CeNTI_I2C_1_Slave.o
LOAD ./Project/CeNTI_Library/HAL/COM/I2C/Slave/CeNTI_I2C_2_Slave.o
LOAD ./Project/CeNTI_Library/HAL/COM/I2C/Slave/CeNTI_I2C_3_Slave.o
LOAD ./Project/CeNTI_Library/HAL/COM/I2C/Slave/CeNTI_I2C_4_Slave.o
LOAD ./Project/CeNTI_Library/HAL/COM/I2C/Slave/CeNTI_I2C_5_Slave.o
LOAD ./Project/CeNTI_Library/HAL/COM/I2C/Slave/CeNTI_I2C_6_Slave.o
LOAD ./Project/CeNTI_Library/HAL/COM/I2C/Slave/CeNTI_I2C_7_Slave.o
LOAD ./Project/CeNTI_Library/HAL/COM/SPI/Master/CeNTI_SPI_0_Master.o
LOAD ./Project/CeNTI_Library/HAL/COM/SPI/Master/CeNTI_SPI_1_Master.o
LOAD ./Project/CeNTI_Library/HAL/COM/SPI/Master/CeNTI_SPI_2_Master.o
LOAD ./Project/CeNTI_Library/HAL/COM/SPI/Master/CeNTI_SPI_3_Master.o
LOAD ./Project/CeNTI_Library/HAL/COM/SPI/Master/CeNTI_SPI_4_Master.o
LOAD ./Project/CeNTI_Library/HAL/COM/SPI/Master/CeNTI_SPI_5_Master.o
LOAD ./Project/CeNTI_Library/HAL/COM/SPI/Master/CeNTI_SPI_6_Master.o
LOAD ./Project/CeNTI_Library/HAL/COM/SPI/Master/CeNTI_SPI_7_Master.o
LOAD ./Project/CeNTI_Library/HAL/COM/SPI/Slave/CeNTI_SPI_0_Slave.o
LOAD ./Project/CeNTI_Library/HAL/COM/SPI/Slave/CeNTI_SPI_1_Slave.o
LOAD ./Project/CeNTI_Library/HAL/COM/SPI/Slave/CeNTI_SPI_2_Slave.o
LOAD ./Project/CeNTI_Library/HAL/COM/SPI/Slave/CeNTI_SPI_3_Slave.o
LOAD ./Project/CeNTI_Library/HAL/COM/SPI/Slave/CeNTI_SPI_4_Slave.o
LOAD ./Project/CeNTI_Library/HAL/COM/SPI/Slave/CeNTI_SPI_5_Slave.o
LOAD ./Project/CeNTI_Library/HAL/COM/SPI/Slave/CeNTI_SPI_6_Slave.o
LOAD ./Project/CeNTI_Library/HAL/COM/SPI/Slave/CeNTI_SPI_7_Slave.o
LOAD ./Project/CeNTI_Library/HAL/COM/UART/ASync/CeNTI_UART_0_ASync.o
LOAD ./Project/CeNTI_Library/HAL/COM/UART/ASync/CeNTI_UART_1_ASync.o
LOAD ./Project/CeNTI_Library/HAL/COM/UART/ASync/CeNTI_UART_2_ASync.o
LOAD ./Project/CeNTI_Library/HAL/COM/UART/ASync/CeNTI_UART_3_ASync.o
LOAD ./Project/CeNTI_Library/HAL/COM/UART/ASync/CeNTI_UART_4_ASync.o
LOAD ./Project/CeNTI_Library/HAL/COM/UART/ASync/CeNTI_UART_5_ASync.o
LOAD ./Project/CeNTI_Library/HAL/COM/UART/ASync/CeNTI_UART_6_ASync.o
LOAD ./Project/CeNTI_Library/HAL/COM/UART/ASync/CeNTI_UART_7_ASync.o
LOAD ./Project/CeNTI_Library/HAL/COM/UART/RingBuffer/CeNTI_UART_0_RingBuffer.o
LOAD ./Project/CeNTI_Library/HAL/COM/UART/RingBuffer/CeNTI_UART_1_RingBuffer.o
LOAD ./Project/CeNTI_Library/HAL/COM/UART/RingBuffer/CeNTI_UART_2_RingBuffer.o
LOAD ./Project/CeNTI_Library/HAL/COM/UART/RingBuffer/CeNTI_UART_3_RingBuffer.o
LOAD ./Project/CeNTI_Library/HAL/COM/UART/RingBuffer/CeNTI_UART_4_RingBuffer.o
LOAD ./Project/CeNTI_Library/HAL/COM/UART/RingBuffer/CeNTI_UART_5_RingBuffer.o
LOAD ./Project/CeNTI_Library/HAL/COM/UART/RingBuffer/CeNTI_UART_6_RingBuffer.o
LOAD ./Project/CeNTI_Library/HAL/COM/UART/RingBuffer/CeNTI_UART_7_RingBuffer.o
LOAD ./Project/CeNTI_Library/HAL/GPIO/CeNTI_GPIO.o
LOAD ./Project/CeNTI_Library/HAL/Timers/CeNTI_Delay.o
LOAD ./Project/CeNTI_Library/lib/ArrayList/CeNTI_ArrayList.o
LOAD ./Project/CeNTI_Library/lib/CRC/CeNTI_CRC.o
LOAD ./Project/CeNTI_Library/lib/Debug/CeNTI_Debug.o
LOAD ./Project/CeNTI_Library/lib/FIFO/CeNTI_FIFO.o
LOAD ./Project/CeNTI_Library/lib/SoftTimer/CeNTI_SoftTimer.o
LOAD ./Project/CeNTI_Library/lib/Time/CeNTI_Time.o
LOAD ./Project/Devices/MODBUS/MODBUS.o
LOAD ./Project/Manager/Manager.o
START GROUP
LOAD C:/ST/STM32CubeIDE_1.13.2/STM32CubeIDE/plugins/com.st.stm32cube.ide.mcu.externaltools.gnu-tools-for-stm32.11.3.rel1.win32_1.1.1.202309131626/tools/bin/../lib/gcc/arm-none-eabi/11.3.1/../../../../arm-none-eabi/lib/thumb/v7e-m+fp/hard\libc_nano.a
LOAD C:/ST/STM32CubeIDE_1.13.2/STM32CubeIDE/plugins/com.st.stm32cube.ide.mcu.externaltools.gnu-tools-for-stm32.11.3.rel1.win32_1.1.1.202309131626/tools/bin/../lib/gcc/arm-none-eabi/11.3.1/../../../../arm-none-eabi/lib/thumb/v7e-m+fp/hard\libm.a
END GROUP
START GROUP
LOAD C:/ST/STM32CubeIDE_1.13.2/STM32CubeIDE/plugins/com.st.stm32cube.ide.mcu.externaltools.gnu-tools-for-stm32.11.3.rel1.win32_1.1.1.202309131626/tools/bin/../lib/gcc/arm-none-eabi/11.3.1/thumb/v7e-m+fp/hard\libgcc.a
LOAD C:/ST/STM32CubeIDE_1.13.2/STM32CubeIDE/plugins/com.st.stm32cube.ide.mcu.externaltools.gnu-tools-for-stm32.11.3.rel1.win32_1.1.1.202309131626/tools/bin/../lib/gcc/arm-none-eabi/11.3.1/../../../../arm-none-eabi/lib/thumb/v7e-m+fp/hard\libc_nano.a
END GROUP
START GROUP
LOAD C:/ST/STM32CubeIDE_1.13.2/STM32CubeIDE/plugins/com.st.stm32cube.ide.mcu.externaltools.gnu-tools-for-stm32.11.3.rel1.win32_1.1.1.202309131626/tools/bin/../lib/gcc/arm-none-eabi/11.3.1/thumb/v7e-m+fp/hard\libgcc.a
LOAD C:/ST/STM32CubeIDE_1.13.2/STM32CubeIDE/plugins/com.st.stm32cube.ide.mcu.externaltools.gnu-tools-for-stm32.11.3.rel1.win32_1.1.1.202309131626/tools/bin/../lib/gcc/arm-none-eabi/11.3.1/../../../../arm-none-eabi/lib/thumb/v7e-m+fp/hard\libc_nano.a
LOAD C:/ST/STM32CubeIDE_1.13.2/STM32CubeIDE/plugins/com.st.stm32cube.ide.mcu.externaltools.gnu-tools-for-stm32.11.3.rel1.win32_1.1.1.202309131626/tools/bin/../lib/gcc/arm-none-eabi/11.3.1/../../../../arm-none-eabi/lib/thumb/v7e-m+fp/hard\libnosys.a
END GROUP
START GROUP
LOAD C:/ST/STM32CubeIDE_1.13.2/STM32CubeIDE/plugins/com.st.stm32cube.ide.mcu.externaltools.gnu-tools-for-stm32.11.3.rel1.win32_1.1.1.202309131626/tools/bin/../lib/gcc/arm-none-eabi/11.3.1/thumb/v7e-m+fp/hard\libgcc.a
LOAD C:/ST/STM32CubeIDE_1.13.2/STM32CubeIDE/plugins/com.st.stm32cube.ide.mcu.externaltools.gnu-tools-for-stm32.11.3.rel1.win32_1.1.1.202309131626/tools/bin/../lib/gcc/arm-none-eabi/11.3.1/../../../../arm-none-eabi/lib/thumb/v7e-m+fp/hard\libc_nano.a
LOAD C:/ST/STM32CubeIDE_1.13.2/STM32CubeIDE/plugins/com.st.stm32cube.ide.mcu.externaltools.gnu-tools-for-stm32.11.3.rel1.win32_1.1.1.202309131626/tools/bin/../lib/gcc/arm-none-eabi/11.3.1/../../../../arm-none-eabi/lib/thumb/v7e-m+fp/hard\libnosys.a
END GROUP
LOAD C:/ST/STM32CubeIDE_1.13.2/STM32CubeIDE/plugins/com.st.stm32cube.ide.mcu.externaltools.gnu-tools-for-stm32.11.3.rel1.win32_1.1.1.202309131626/tools/bin/../lib/gcc/arm-none-eabi/11.3.1/thumb/v7e-m+fp/hard/crtend.o
LOAD C:/ST/STM32CubeIDE_1.13.2/STM32CubeIDE/plugins/com.st.stm32cube.ide.mcu.externaltools.gnu-tools-for-stm32.11.3.rel1.win32_1.1.1.202309131626/tools/bin/../lib/gcc/arm-none-eabi/11.3.1/thumb/v7e-m+fp/hard/crtn.o
                0x0000000020018000                _estack = (ORIGIN (RAM) + LENGTH (RAM))
                0x0000000000000200                _Min_Heap_Size = 0x200
                0x0000000000000400                _Min_Stack_Size = 0x400

.isr_vector     0x0000000008000000      0x188
                0x0000000008000000                . = ALIGN (0x4)
 *(.isr_vector)
 .isr_vector    0x0000000008000000      0x188 ./Core/Startup/startup_stm32l476rgtx.o
                0x0000000008000000                g_pfnVectors
                0x0000000008000188                . = ALIGN (0x4)

.text           0x0000000008000190     0x6f68
                0x0000000008000190                . = ALIGN (0x4)
 *(.text)
 .text          0x0000000008000190       0x40 C:/ST/STM32CubeIDE_1.13.2/STM32CubeIDE/plugins/com.st.stm32cube.ide.mcu.externaltools.gnu-tools-for-stm32.11.3.rel1.win32_1.1.1.202309131626/tools/bin/../lib/gcc/arm-none-eabi/11.3.1/thumb/v7e-m+fp/hard/crtbegin.o
 .text          0x00000000080001d0       0xa0 C:/ST/STM32CubeIDE_1.13.2/STM32CubeIDE/plugins/com.st.stm32cube.ide.mcu.externaltools.gnu-tools-for-stm32.11.3.rel1.win32_1.1.1.202309131626/tools/bin/../lib/gcc/arm-none-eabi/11.3.1/../../../../arm-none-eabi/lib/thumb/v7e-m+fp/hard\libc_nano.a(libc_a-memchr.o)
                0x00000000080001d0                memchr
 .text          0x0000000008000270       0x30 C:/ST/STM32CubeIDE_1.13.2/STM32CubeIDE/plugins/com.st.stm32cube.ide.mcu.externaltools.gnu-tools-for-stm32.11.3.rel1.win32_1.1.1.202309131626/tools/bin/../lib/gcc/arm-none-eabi/11.3.1/thumb/v7e-m+fp/hard\libgcc.a(_aeabi_uldivmod.o)
                0x0000000008000270                __aeabi_uldivmod
 .text          0x00000000080002a0      0x2c8 C:/ST/STM32CubeIDE_1.13.2/STM32CubeIDE/plugins/com.st.stm32cube.ide.mcu.externaltools.gnu-tools-for-stm32.11.3.rel1.win32_1.1.1.202309131626/tools/bin/../lib/gcc/arm-none-eabi/11.3.1/thumb/v7e-m+fp/hard\libgcc.a(_udivmoddi4.o)
                0x00000000080002a0                __udivmoddi4
 .text          0x0000000008000568        0x4 C:/ST/STM32CubeIDE_1.13.2/STM32CubeIDE/plugins/com.st.stm32cube.ide.mcu.externaltools.gnu-tools-for-stm32.11.3.rel1.win32_1.1.1.202309131626/tools/bin/../lib/gcc/arm-none-eabi/11.3.1/thumb/v7e-m+fp/hard\libgcc.a(_dvmd_tls.o)
                0x0000000008000568                __aeabi_idiv0
                0x0000000008000568                __aeabi_ldiv0
 *(.text*)
 .text.MX_GPIO_Init
                0x000000000800056c       0xf8 ./Core/Src/gpio.o
                0x000000000800056c                MX_GPIO_Init
 .text.__io_putchar
                0x0000000008000664       0x24 ./Core/Src/main.o
                0x0000000008000664                __io_putchar
 .text.main     0x0000000008000688      0x134 ./Core/Src/main.o
                0x0000000008000688                main
 .text.SystemClock_Config
                0x00000000080007bc       0xa2 ./Core/Src/main.o
                0x00000000080007bc                SystemClock_Config
 *fill*         0x000000000800085e        0x2 
 .text.Main__Initialize
                0x0000000008000860      0x100 ./Core/Src/main.o
 .text.Main__Loop
                0x0000000008000960       0x48 ./Core/Src/main.o
 .text.Main__CheckSoftTimers
                0x00000000080009a8       0x5c ./Core/Src/main.o
 .text.Main__InitializeDevice
                0x0000000008000a04        0xe ./Core/Src/main.o
 .text.Error_Handler
                0x0000000008000a12        0xa ./Core/Src/main.o
                0x0000000008000a12                Error_Handler
 .text.HAL_MspInit
                0x0000000008000a1c       0x48 ./Core/Src/stm32l4xx_hal_msp.o
                0x0000000008000a1c                HAL_MspInit
 .text.NMI_Handler
                0x0000000008000a64        0x6 ./Core/Src/stm32l4xx_it.o
                0x0000000008000a64                NMI_Handler
 .text.HardFault_Handler
                0x0000000008000a6a        0x6 ./Core/Src/stm32l4xx_it.o
                0x0000000008000a6a                HardFault_Handler
 .text.MemManage_Handler
                0x0000000008000a70        0x6 ./Core/Src/stm32l4xx_it.o
                0x0000000008000a70                MemManage_Handler
 .text.BusFault_Handler
                0x0000000008000a76        0x6 ./Core/Src/stm32l4xx_it.o
                0x0000000008000a76                BusFault_Handler
 .text.UsageFault_Handler
                0x0000000008000a7c        0x6 ./Core/Src/stm32l4xx_it.o
                0x0000000008000a7c                UsageFault_Handler
 .text.SVC_Handler
                0x0000000008000a82        0xe ./Core/Src/stm32l4xx_it.o
                0x0000000008000a82                SVC_Handler
 .text.DebugMon_Handler
                0x0000000008000a90        0xe ./Core/Src/stm32l4xx_it.o
                0x0000000008000a90                DebugMon_Handler
 .text.PendSV_Handler
                0x0000000008000a9e        0xe ./Core/Src/stm32l4xx_it.o
                0x0000000008000a9e                PendSV_Handler
 .text.SysTick_Handler
                0x0000000008000aac        0xc ./Core/Src/stm32l4xx_it.o
                0x0000000008000aac                SysTick_Handler
 .text.USART1_IRQHandler
                0x0000000008000ab8       0x14 ./Core/Src/stm32l4xx_it.o
                0x0000000008000ab8                USART1_IRQHandler
 .text.USART2_IRQHandler
                0x0000000008000acc       0x14 ./Core/Src/stm32l4xx_it.o
                0x0000000008000acc                USART2_IRQHandler
 .text._read    0x0000000008000ae0       0x3a ./Core/Src/syscalls.o
                0x0000000008000ae0                _read
 .text._write   0x0000000008000b1a       0x38 ./Core/Src/syscalls.o
                0x0000000008000b1a                _write
 .text._close   0x0000000008000b52       0x18 ./Core/Src/syscalls.o
                0x0000000008000b52                _close
 .text._fstat   0x0000000008000b6a       0x20 ./Core/Src/syscalls.o
                0x0000000008000b6a                _fstat
 .text._isatty  0x0000000008000b8a       0x16 ./Core/Src/syscalls.o
                0x0000000008000b8a                _isatty
 .text._lseek   0x0000000008000ba0       0x1a ./Core/Src/syscalls.o
                0x0000000008000ba0                _lseek
 *fill*         0x0000000008000bba        0x2 
 .text._sbrk    0x0000000008000bbc       0x6c ./Core/Src/sysmem.o
                0x0000000008000bbc                _sbrk
 .text.SystemInit
                0x0000000008000c28       0x24 ./Core/Src/system_stm32l4xx.o
                0x0000000008000c28                SystemInit
 .text.MX_USART1_UART_Init
                0x0000000008000c4c       0x60 ./Core/Src/usart.o
                0x0000000008000c4c                MX_USART1_UART_Init
 .text.MX_USART2_UART_Init
                0x0000000008000cac       0x60 ./Core/Src/usart.o
                0x0000000008000cac                MX_USART2_UART_Init
 .text.HAL_UART_MspInit
                0x0000000008000d0c      0x164 ./Core/Src/usart.o
                0x0000000008000d0c                HAL_UART_MspInit
 .text.Reset_Handler
                0x0000000008000e70       0x50 ./Core/Startup/startup_stm32l476rgtx.o
                0x0000000008000e70                Reset_Handler
 .text.Default_Handler
                0x0000000008000ec0        0x2 ./Core/Startup/startup_stm32l476rgtx.o
                0x0000000008000ec0                RTC_Alarm_IRQHandler
                0x0000000008000ec0                EXTI2_IRQHandler
                0x0000000008000ec0                TIM8_TRG_COM_IRQHandler
                0x0000000008000ec0                TIM8_CC_IRQHandler
                0x0000000008000ec0                TIM1_CC_IRQHandler
                0x0000000008000ec0                TSC_IRQHandler
                0x0000000008000ec0                TAMP_STAMP_IRQHandler
                0x0000000008000ec0                EXTI3_IRQHandler
                0x0000000008000ec0                LPTIM2_IRQHandler
                0x0000000008000ec0                DFSDM1_FLT1_IRQHandler
                0x0000000008000ec0                I2C3_ER_IRQHandler
                0x0000000008000ec0                DFSDM1_FLT2_IRQHandler
                0x0000000008000ec0                EXTI0_IRQHandler
                0x0000000008000ec0                I2C2_EV_IRQHandler
                0x0000000008000ec0                CAN1_RX0_IRQHandler
                0x0000000008000ec0                FPU_IRQHandler
                0x0000000008000ec0                TIM1_UP_TIM16_IRQHandler
                0x0000000008000ec0                ADC1_2_IRQHandler
                0x0000000008000ec0                SPI1_IRQHandler
                0x0000000008000ec0                TIM6_DAC_IRQHandler
                0x0000000008000ec0                TIM8_UP_IRQHandler
                0x0000000008000ec0                DMA2_Channel2_IRQHandler
                0x0000000008000ec0                DMA1_Channel4_IRQHandler
                0x0000000008000ec0                SAI2_IRQHandler
                0x0000000008000ec0                DFSDM1_FLT3_IRQHandler
                0x0000000008000ec0                USART3_IRQHandler
                0x0000000008000ec0                DMA1_Channel7_IRQHandler
                0x0000000008000ec0                CAN1_RX1_IRQHandler
                0x0000000008000ec0                LCD_IRQHandler
                0x0000000008000ec0                UART5_IRQHandler
                0x0000000008000ec0                ADC3_IRQHandler
                0x0000000008000ec0                TIM4_IRQHandler
                0x0000000008000ec0                DMA2_Channel1_IRQHandler
                0x0000000008000ec0                QUADSPI_IRQHandler
                0x0000000008000ec0                I2C1_EV_IRQHandler
                0x0000000008000ec0                DMA1_Channel6_IRQHandler
                0x0000000008000ec0                UART4_IRQHandler
                0x0000000008000ec0                DMA2_Channel4_IRQHandler
                0x0000000008000ec0                TIM3_IRQHandler
                0x0000000008000ec0                RCC_IRQHandler
                0x0000000008000ec0                DMA1_Channel1_IRQHandler
                0x0000000008000ec0                Default_Handler
                0x0000000008000ec0                DMA2_Channel7_IRQHandler
                0x0000000008000ec0                EXTI15_10_IRQHandler
                0x0000000008000ec0                TIM7_IRQHandler
                0x0000000008000ec0                SDMMC1_IRQHandler
                0x0000000008000ec0                TIM5_IRQHandler
                0x0000000008000ec0                I2C3_EV_IRQHandler
                0x0000000008000ec0                EXTI9_5_IRQHandler
                0x0000000008000ec0                RTC_WKUP_IRQHandler
                0x0000000008000ec0                PVD_PVM_IRQHandler
                0x0000000008000ec0                SPI2_IRQHandler
                0x0000000008000ec0                CAN1_TX_IRQHandler
                0x0000000008000ec0                DMA2_Channel5_IRQHandler
                0x0000000008000ec0                DMA1_Channel5_IRQHandler
                0x0000000008000ec0                EXTI4_IRQHandler
                0x0000000008000ec0                RNG_IRQHandler
                0x0000000008000ec0                TIM1_TRG_COM_TIM17_IRQHandler
                0x0000000008000ec0                DMA1_Channel3_IRQHandler
                0x0000000008000ec0                COMP_IRQHandler
                0x0000000008000ec0                WWDG_IRQHandler
                0x0000000008000ec0                LPUART1_IRQHandler
                0x0000000008000ec0                DMA2_Channel6_IRQHandler
                0x0000000008000ec0                TIM2_IRQHandler
                0x0000000008000ec0                EXTI1_IRQHandler
                0x0000000008000ec0                DFSDM1_FLT0_IRQHandler
                0x0000000008000ec0                I2C2_ER_IRQHandler
                0x0000000008000ec0                DMA1_Channel2_IRQHandler
                0x0000000008000ec0                TIM8_BRK_IRQHandler
                0x0000000008000ec0                CAN1_SCE_IRQHandler
                0x0000000008000ec0                FLASH_IRQHandler
                0x0000000008000ec0                OTG_FS_IRQHandler
                0x0000000008000ec0                SPI3_IRQHandler
                0x0000000008000ec0                I2C1_ER_IRQHandler
                0x0000000008000ec0                FMC_IRQHandler
                0x0000000008000ec0                SWPMI1_IRQHandler
                0x0000000008000ec0                LPTIM1_IRQHandler
                0x0000000008000ec0                SAI1_IRQHandler
                0x0000000008000ec0                DMA2_Channel3_IRQHandler
                0x0000000008000ec0                TIM1_BRK_TIM15_IRQHandler
 *fill*         0x0000000008000ec2        0x2 
 .text.HAL_Init
                0x0000000008000ec4       0x40 ./Drivers/STM32L4xx_HAL_Driver/Src/stm32l4xx_hal.o
                0x0000000008000ec4                HAL_Init
 .text.HAL_InitTick
                0x0000000008000f04       0x78 ./Drivers/STM32L4xx_HAL_Driver/Src/stm32l4xx_hal.o
                0x0000000008000f04                HAL_InitTick
 .text.HAL_GetTick
                0x0000000008000f7c       0x18 ./Drivers/STM32L4xx_HAL_Driver/Src/stm32l4xx_hal.o
                0x0000000008000f7c                HAL_GetTick
 .text.HAL_Delay
                0x0000000008000f94       0x48 ./Drivers/STM32L4xx_HAL_Driver/Src/stm32l4xx_hal.o
                0x0000000008000f94                HAL_Delay
 .text.__NVIC_SetPriorityGrouping
                0x0000000008000fdc       0x48 ./Drivers/STM32L4xx_HAL_Driver/Src/stm32l4xx_hal_cortex.o
 .text.__NVIC_GetPriorityGrouping
                0x0000000008001024       0x1c ./Drivers/STM32L4xx_HAL_Driver/Src/stm32l4xx_hal_cortex.o
 .text.__NVIC_EnableIRQ
                0x0000000008001040       0x3c ./Drivers/STM32L4xx_HAL_Driver/Src/stm32l4xx_hal_cortex.o
 .text.__NVIC_SetPriority
                0x000000000800107c       0x54 ./Drivers/STM32L4xx_HAL_Driver/Src/stm32l4xx_hal_cortex.o
 .text.NVIC_EncodePriority
                0x00000000080010d0       0x66 ./Drivers/STM32L4xx_HAL_Driver/Src/stm32l4xx_hal_cortex.o
 *fill*         0x0000000008001136        0x2 
 .text.SysTick_Config
                0x0000000008001138       0x44 ./Drivers/STM32L4xx_HAL_Driver/Src/stm32l4xx_hal_cortex.o
 .text.HAL_NVIC_SetPriorityGrouping
                0x000000000800117c       0x16 ./Drivers/STM32L4xx_HAL_Driver/Src/stm32l4xx_hal_cortex.o
                0x000000000800117c                HAL_NVIC_SetPriorityGrouping
 .text.HAL_NVIC_SetPriority
                0x0000000008001192       0x38 ./Drivers/STM32L4xx_HAL_Driver/Src/stm32l4xx_hal_cortex.o
                0x0000000008001192                HAL_NVIC_SetPriority
 .text.HAL_NVIC_EnableIRQ
                0x00000000080011ca       0x1c ./Drivers/STM32L4xx_HAL_Driver/Src/stm32l4xx_hal_cortex.o
                0x00000000080011ca                HAL_NVIC_EnableIRQ
 .text.HAL_SYSTICK_Config
                0x00000000080011e6       0x18 ./Drivers/STM32L4xx_HAL_Driver/Src/stm32l4xx_hal_cortex.o
                0x00000000080011e6                HAL_SYSTICK_Config
 .text.HAL_DMA_Abort
                0x00000000080011fe       0x7c ./Drivers/STM32L4xx_HAL_Driver/Src/stm32l4xx_hal_dma.o
                0x00000000080011fe                HAL_DMA_Abort
 .text.HAL_DMA_Abort_IT
                0x000000000800127a       0x82 ./Drivers/STM32L4xx_HAL_Driver/Src/stm32l4xx_hal_dma.o
                0x000000000800127a                HAL_DMA_Abort_IT
 .text.HAL_GPIO_Init
                0x00000000080012fc      0x354 ./Drivers/STM32L4xx_HAL_Driver/Src/stm32l4xx_hal_gpio.o
                0x00000000080012fc                HAL_GPIO_Init
 .text.HAL_GPIO_WritePin
                0x0000000008001650       0x30 ./Drivers/STM32L4xx_HAL_Driver/Src/stm32l4xx_hal_gpio.o
                0x0000000008001650                HAL_GPIO_WritePin
 .text.HAL_PWREx_GetVoltageRange
                0x0000000008001680       0x1c ./Drivers/STM32L4xx_HAL_Driver/Src/stm32l4xx_hal_pwr_ex.o
                0x0000000008001680                HAL_PWREx_GetVoltageRange
 .text.HAL_PWREx_ControlVoltageScaling
                0x000000000800169c       0xac ./Drivers/STM32L4xx_HAL_Driver/Src/stm32l4xx_hal_pwr_ex.o
                0x000000000800169c                HAL_PWREx_ControlVoltageScaling
 .text.HAL_RCC_OscConfig
                0x0000000008001748      0x7b8 ./Drivers/STM32L4xx_HAL_Driver/Src/stm32l4xx_hal_rcc.o
                0x0000000008001748                HAL_RCC_OscConfig
 .text.HAL_RCC_ClockConfig
                0x0000000008001f00      0x200 ./Drivers/STM32L4xx_HAL_Driver/Src/stm32l4xx_hal_rcc.o
                0x0000000008001f00                HAL_RCC_ClockConfig
 .text.HAL_RCC_GetSysClockFreq
                0x0000000008002100      0x118 ./Drivers/STM32L4xx_HAL_Driver/Src/stm32l4xx_hal_rcc.o
                0x0000000008002100                HAL_RCC_GetSysClockFreq
 .text.HAL_RCC_GetHCLKFreq
                0x0000000008002218       0x18 ./Drivers/STM32L4xx_HAL_Driver/Src/stm32l4xx_hal_rcc.o
                0x0000000008002218                HAL_RCC_GetHCLKFreq
 .text.HAL_RCC_GetPCLK1Freq
                0x0000000008002230       0x2c ./Drivers/STM32L4xx_HAL_Driver/Src/stm32l4xx_hal_rcc.o
                0x0000000008002230                HAL_RCC_GetPCLK1Freq
 .text.HAL_RCC_GetPCLK2Freq
                0x000000000800225c       0x2c ./Drivers/STM32L4xx_HAL_Driver/Src/stm32l4xx_hal_rcc.o
                0x000000000800225c                HAL_RCC_GetPCLK2Freq
 .text.RCC_SetFlashLatencyFromMSIRange
                0x0000000008002288       0xc0 ./Drivers/STM32L4xx_HAL_Driver/Src/stm32l4xx_hal_rcc.o
 .text.HAL_RCCEx_PeriphCLKConfig
                0x0000000008002348      0x5d4 ./Drivers/STM32L4xx_HAL_Driver/Src/stm32l4xx_hal_rcc_ex.o
                0x0000000008002348                HAL_RCCEx_PeriphCLKConfig
 .text.RCCEx_PLLSAI1_Config
                0x000000000800291c      0x1e8 ./Drivers/STM32L4xx_HAL_Driver/Src/stm32l4xx_hal_rcc_ex.o
 .text.RCCEx_PLLSAI2_Config
                0x0000000008002b04      0x1bc ./Drivers/STM32L4xx_HAL_Driver/Src/stm32l4xx_hal_rcc_ex.o
 .text.HAL_UART_Init
                0x0000000008002cc0       0x9c ./Drivers/STM32L4xx_HAL_Driver/Src/stm32l4xx_hal_uart.o
                0x0000000008002cc0                HAL_UART_Init
 .text.HAL_UART_Transmit
                0x0000000008002d5c      0x114 ./Drivers/STM32L4xx_HAL_Driver/Src/stm32l4xx_hal_uart.o
                0x0000000008002d5c                HAL_UART_Transmit
 .text.HAL_UART_Receive_IT
                0x0000000008002e70       0x98 ./Drivers/STM32L4xx_HAL_Driver/Src/stm32l4xx_hal_uart.o
                0x0000000008002e70                HAL_UART_Receive_IT
 .text.HAL_UART_IRQHandler
                0x0000000008002f08      0x5d4 ./Drivers/STM32L4xx_HAL_Driver/Src/stm32l4xx_hal_uart.o
                0x0000000008002f08                HAL_UART_IRQHandler
 .text.HAL_UART_ErrorCallback
                0x00000000080034dc       0x14 ./Drivers/STM32L4xx_HAL_Driver/Src/stm32l4xx_hal_uart.o
                0x00000000080034dc                HAL_UART_ErrorCallback
 .text.HAL_UARTEx_RxEventCallback
                0x00000000080034f0       0x18 ./Drivers/STM32L4xx_HAL_Driver/Src/stm32l4xx_hal_uart.o
                0x00000000080034f0                HAL_UARTEx_RxEventCallback
 .text.UART_SetConfig
                0x0000000008003508      0x570 ./Drivers/STM32L4xx_HAL_Driver/Src/stm32l4xx_hal_uart.o
                0x0000000008003508                UART_SetConfig
 .text.UART_AdvFeatureConfig
                0x0000000008003a78      0x144 ./Drivers/STM32L4xx_HAL_Driver/Src/stm32l4xx_hal_uart.o
                0x0000000008003a78                UART_AdvFeatureConfig
 .text.UART_CheckIdleState
                0x0000000008003bbc      0x150 ./Drivers/STM32L4xx_HAL_Driver/Src/stm32l4xx_hal_uart.o
                0x0000000008003bbc                UART_CheckIdleState
 .text.UART_WaitOnFlagUntilTimeout
                0x0000000008003d0c       0xce ./Drivers/STM32L4xx_HAL_Driver/Src/stm32l4xx_hal_uart.o
                0x0000000008003d0c                UART_WaitOnFlagUntilTimeout
 *fill*         0x0000000008003dda        0x2 
 .text.UART_Start_Receive_IT
                0x0000000008003ddc      0x18c ./Drivers/STM32L4xx_HAL_Driver/Src/stm32l4xx_hal_uart.o
                0x0000000008003ddc                UART_Start_Receive_IT
 .text.UART_EndRxTransfer
                0x0000000008003f68       0xc8 ./Drivers/STM32L4xx_HAL_Driver/Src/stm32l4xx_hal_uart.o
 .text.UART_DMAAbortOnError
                0x0000000008004030       0x2c ./Drivers/STM32L4xx_HAL_Driver/Src/stm32l4xx_hal_uart.o
 .text.UART_EndTransmit_IT
                0x000000000800405c       0x54 ./Drivers/STM32L4xx_HAL_Driver/Src/stm32l4xx_hal_uart.o
 .text.UART_RxISR_8BIT
                0x00000000080040b0      0x1bc ./Drivers/STM32L4xx_HAL_Driver/Src/stm32l4xx_hal_uart.o
 .text.UART_RxISR_16BIT
                0x000000000800426c      0x1bc ./Drivers/STM32L4xx_HAL_Driver/Src/stm32l4xx_hal_uart.o
 .text.HAL_UARTEx_WakeupCallback
                0x0000000008004428       0x14 ./Drivers/STM32L4xx_HAL_Driver/Src/stm32l4xx_hal_uart_ex.o
                0x0000000008004428                HAL_UARTEx_WakeupCallback
 .text.UART_1_RingBuffer__Initialize
                0x000000000800443c       0x64 ./Project/CeNTI_Library/HAL/COM/UART/RingBuffer/CeNTI_UART_1_RingBuffer.o
                0x000000000800443c                UART_1_RingBuffer__Initialize
 .text.UART_1_RingBuffer__Write
                0x00000000080044a0       0xb4 ./Project/CeNTI_Library/HAL/COM/UART/RingBuffer/CeNTI_UART_1_RingBuffer.o
                0x00000000080044a0                UART_1_RingBuffer__Write
 .text.UART_1_RingBuffer__Read
                0x0000000008004554       0xe0 ./Project/CeNTI_Library/HAL/COM/UART/RingBuffer/CeNTI_UART_1_RingBuffer.o
                0x0000000008004554                UART_1_RingBuffer__Read
 .text.UART_1_RingBuffer__GetRxRemainSize
                0x0000000008004634       0x3c ./Project/CeNTI_Library/HAL/COM/UART/RingBuffer/CeNTI_UART_1_RingBuffer.o
                0x0000000008004634                UART_1_RingBuffer__GetRxRemainSize
 .text.UART_1_RingBuffer__GetTxRemainSize
                0x0000000008004670       0x3c ./Project/CeNTI_Library/HAL/COM/UART/RingBuffer/CeNTI_UART_1_RingBuffer.o
                0x0000000008004670                UART_1_RingBuffer__GetTxRemainSize
 .text.UART_1_RingBuffer__ClearRxFIFO
                0x00000000080046ac       0x2c ./Project/CeNTI_Library/HAL/COM/UART/RingBuffer/CeNTI_UART_1_RingBuffer.o
                0x00000000080046ac                UART_1_RingBuffer__ClearRxFIFO
 .text.HAL_UART_RxCpltCallback
                0x00000000080046d8       0x6c ./Project/CeNTI_Library/HAL/COM/UART/RingBuffer/CeNTI_UART_1_RingBuffer.o
                0x00000000080046d8                HAL_UART_RxCpltCallback
 .text.HAL_UART_TxCpltCallback
                0x0000000008004744       0x7c ./Project/CeNTI_Library/HAL/COM/UART/RingBuffer/CeNTI_UART_1_RingBuffer.o
                0x0000000008004744                HAL_UART_TxCpltCallback
 .text.GPIO__MODBUS_DE_SetLevel
                0x00000000080047c0       0x24 ./Project/CeNTI_Library/HAL/GPIO/CeNTI_GPIO.o
                0x00000000080047c0                GPIO__MODBUS_DE_SetLevel
 .text.ArrayList__Initialize
                0x00000000080047e4       0xfc ./Project/CeNTI_Library/lib/ArrayList/CeNTI_ArrayList.o
                0x00000000080047e4                ArrayList__Initialize
 .text.ArrayList__Get
                0x00000000080048e0       0xd8 ./Project/CeNTI_Library/lib/ArrayList/CeNTI_ArrayList.o
                0x00000000080048e0                ArrayList__Get
 .text.ArrayList__Add
                0x00000000080049b8      0x128 ./Project/CeNTI_Library/lib/ArrayList/CeNTI_ArrayList.o
                0x00000000080049b8                ArrayList__Add
 .text.ArrayList__RemoveAt
                0x0000000008004ae0      0x188 ./Project/CeNTI_Library/lib/ArrayList/CeNTI_ArrayList.o
                0x0000000008004ae0                ArrayList__RemoveAt
 .text.ArrayList__Get_ElementCounter
                0x0000000008004c68       0x2c ./Project/CeNTI_Library/lib/ArrayList/CeNTI_ArrayList.o
                0x0000000008004c68                ArrayList__Get_ElementCounter
 .text.ArrayList__Clear
                0x0000000008004c94       0x58 ./Project/CeNTI_Library/lib/ArrayList/CeNTI_ArrayList.o
                0x0000000008004c94                ArrayList__Clear
 .text.CeNTI_Debug__Return
                0x0000000008004cec       0x68 ./Project/CeNTI_Library/lib/Debug/CeNTI_Debug.o
                0x0000000008004cec                CeNTI_Debug__Return
 .text.SoftTimer__Initialize
                0x0000000008004d54       0x94 ./Project/CeNTI_Library/lib/SoftTimer/CeNTI_SoftTimer.o
                0x0000000008004d54                SoftTimer__Initialize
 .text.SoftTimer__Delay_msec
                0x0000000008004de8       0xa0 ./Project/CeNTI_Library/lib/SoftTimer/CeNTI_SoftTimer.o
                0x0000000008004de8                SoftTimer__Delay_msec
 .text.SoftTimer__Start
                0x0000000008004e88       0xe0 ./Project/CeNTI_Library/lib/SoftTimer/CeNTI_SoftTimer.o
                0x0000000008004e88                SoftTimer__Start
 .text.SoftTimer__Stop
                0x0000000008004f68       0x70 ./Project/CeNTI_Library/lib/SoftTimer/CeNTI_SoftTimer.o
                0x0000000008004f68                SoftTimer__Stop
 .text.SoftTimer__Restart
                0x0000000008004fd8       0xcc ./Project/CeNTI_Library/lib/SoftTimer/CeNTI_SoftTimer.o
                0x0000000008004fd8                SoftTimer__Restart
 .text.SoftTimer__Get_ElapsedState
                0x00000000080050a4       0x30 ./Project/CeNTI_Library/lib/SoftTimer/CeNTI_SoftTimer.o
                0x00000000080050a4                SoftTimer__Get_ElapsedState
 .text.HAL_IncTick
                0x00000000080050d4       0x20 ./Project/CeNTI_Library/lib/SoftTimer/CeNTI_SoftTimer.o
                0x00000000080050d4                HAL_IncTick
 .text.SoftTimer_PRIV__CheckTimer
                0x00000000080050f4       0x88 ./Project/CeNTI_Library/lib/SoftTimer/CeNTI_SoftTimer.o
 .text.Time__Add_msec
                0x000000000800517c       0x18 ./Project/CeNTI_Library/lib/Time/CeNTI_Time.o
                0x000000000800517c                Time__Add_msec
 .text.Time__AddN_msec
                0x0000000008005194       0x7c ./Project/CeNTI_Library/lib/Time/CeNTI_Time.o
                0x0000000008005194                Time__AddN_msec
 .text.Time__AddN_sec
                0x0000000008005210       0x22 ./Project/CeNTI_Library/lib/Time/CeNTI_Time.o
                0x0000000008005210                Time__AddN_sec
 .text.Time__Compare
                0x0000000008005232       0x50 ./Project/CeNTI_Library/lib/Time/CeNTI_Time.o
                0x0000000008005232                Time__Compare
 *fill*         0x0000000008005282        0x2 
 .text.Time__Add_Times
                0x0000000008005284       0x88 ./Project/CeNTI_Library/lib/Time/CeNTI_Time.o
                0x0000000008005284                Time__Add_Times
 .text.MODBUS__Initialize
                0x000000000800530c      0x1c8 ./Project/Devices/MODBUS/MODBUS.o
                0x000000000800530c                MODBUS__Initialize
 .text.MODBUS__Send_Response
                0x00000000080054d4       0xbc ./Project/Devices/MODBUS/MODBUS.o
                0x00000000080054d4                MODBUS__Send_Response
 .text.MODBUS__Check_Receive
                0x0000000008005590       0x40 ./Project/Devices/MODBUS/MODBUS.o
                0x0000000008005590                MODBUS__Check_Receive
 .text.MODBUS__Get_Command
                0x00000000080055d0      0x2f4 ./Project/Devices/MODBUS/MODBUS.o
                0x00000000080055d0                MODBUS__Get_Command
 .text.MODBUS__Calc_CRC
                0x00000000080058c4       0x98 ./Project/Devices/MODBUS/MODBUS.o
 .text.MODBUS__Check_CRC
                0x000000000800595c       0x6a ./Project/Devices/MODBUS/MODBUS.o
 *fill*         0x00000000080059c6        0x2 
 .text.COM__Write
                0x00000000080059c8       0xb4 ./Project/Devices/MODBUS/MODBUS.o
 .text.COM__Read
                0x0000000008005a7c       0xa0 ./Project/Devices/MODBUS/MODBUS.o
 .text.Manager__Initialize
                0x0000000008005b1c       0xf8 ./Project/Manager/Manager.o
                0x0000000008005b1c                Manager__Initialize
 .text.Manager__Loop
                0x0000000008005c14      0x2a8 ./Project/Manager/Manager.o
                0x0000000008005c14                Manager__Loop
 .text.Manager_DEVICE__StateMachine
                0x0000000008005ebc      0x188 ./Project/Manager/Manager.o
 .text.Manager__NewCommandAvailable
                0x0000000008006044       0x2a ./Project/Manager/Manager.o
 *fill*         0x000000000800606e        0x2 
 .text.Manager__GetCommand
                0x0000000008006070       0x9c ./Project/Manager/Manager.o
 .text.DEVICE__Build_Data_Message
                0x000000000800610c       0x9a ./Project/Manager/Manager.o
 *fill*         0x00000000080061a6        0x2 
 .text.std      0x00000000080061a8       0x6c C:/ST/STM32CubeIDE_1.13.2/STM32CubeIDE/plugins/com.st.stm32cube.ide.mcu.externaltools.gnu-tools-for-stm32.11.3.rel1.win32_1.1.1.202309131626/tools/bin/../lib/gcc/arm-none-eabi/11.3.1/../../../../arm-none-eabi/lib/thumb/v7e-m+fp/hard\libc_nano.a(libc_a-findfp.o)
 .text.stdio_exit_handler
                0x0000000008006214       0x18 C:/ST/STM32CubeIDE_1.13.2/STM32CubeIDE/plugins/com.st.stm32cube.ide.mcu.externaltools.gnu-tools-for-stm32.11.3.rel1.win32_1.1.1.202309131626/tools/bin/../lib/gcc/arm-none-eabi/11.3.1/../../../../arm-none-eabi/lib/thumb/v7e-m+fp/hard\libc_nano.a(libc_a-findfp.o)
 .text.cleanup_stdio
                0x000000000800622c       0x40 C:/ST/STM32CubeIDE_1.13.2/STM32CubeIDE/plugins/com.st.stm32cube.ide.mcu.externaltools.gnu-tools-for-stm32.11.3.rel1.win32_1.1.1.202309131626/tools/bin/../lib/gcc/arm-none-eabi/11.3.1/../../../../arm-none-eabi/lib/thumb/v7e-m+fp/hard\libc_nano.a(libc_a-findfp.o)
 .text.global_stdio_init.part.0
                0x000000000800626c       0x3c C:/ST/STM32CubeIDE_1.13.2/STM32CubeIDE/plugins/com.st.stm32cube.ide.mcu.externaltools.gnu-tools-for-stm32.11.3.rel1.win32_1.1.1.202309131626/tools/bin/../lib/gcc/arm-none-eabi/11.3.1/../../../../arm-none-eabi/lib/thumb/v7e-m+fp/hard\libc_nano.a(libc_a-findfp.o)
 .text.__sfp_lock_acquire
                0x00000000080062a8        0xc C:/ST/STM32CubeIDE_1.13.2/STM32CubeIDE/plugins/com.st.stm32cube.ide.mcu.externaltools.gnu-tools-for-stm32.11.3.rel1.win32_1.1.1.202309131626/tools/bin/../lib/gcc/arm-none-eabi/11.3.1/../../../../arm-none-eabi/lib/thumb/v7e-m+fp/hard\libc_nano.a(libc_a-findfp.o)
                0x00000000080062a8                __sfp_lock_acquire
 .text.__sfp_lock_release
                0x00000000080062b4        0xc C:/ST/STM32CubeIDE_1.13.2/STM32CubeIDE/plugins/com.st.stm32cube.ide.mcu.externaltools.gnu-tools-for-stm32.11.3.rel1.win32_1.1.1.202309131626/tools/bin/../lib/gcc/arm-none-eabi/11.3.1/../../../../arm-none-eabi/lib/thumb/v7e-m+fp/hard\libc_nano.a(libc_a-findfp.o)
                0x00000000080062b4                __sfp_lock_release
 .text.__sinit  0x00000000080062c0       0x30 C:/ST/STM32CubeIDE_1.13.2/STM32CubeIDE/plugins/com.st.stm32cube.ide.mcu.externaltools.gnu-tools-for-stm32.11.3.rel1.win32_1.1.1.202309131626/tools/bin/../lib/gcc/arm-none-eabi/11.3.1/../../../../arm-none-eabi/lib/thumb/v7e-m+fp/hard\libc_nano.a(libc_a-findfp.o)
                0x00000000080062c0                __sinit
 .text._fwalk_sglue
                0x00000000080062f0       0x3c C:/ST/STM32CubeIDE_1.13.2/STM32CubeIDE/plugins/com.st.stm32cube.ide.mcu.externaltools.gnu-tools-for-stm32.11.3.rel1.win32_1.1.1.202309131626/tools/bin/../lib/gcc/arm-none-eabi/11.3.1/../../../../arm-none-eabi/lib/thumb/v7e-m+fp/hard\libc_nano.a(libc_a-fwalk.o)
                0x00000000080062f0                _fwalk_sglue
 .text.printf   0x000000000800632c       0x24 C:/ST/STM32CubeIDE_1.13.2/STM32CubeIDE/plugins/com.st.stm32cube.ide.mcu.externaltools.gnu-tools-for-stm32.11.3.rel1.win32_1.1.1.202309131626/tools/bin/../lib/gcc/arm-none-eabi/11.3.1/../../../../arm-none-eabi/lib/thumb/v7e-m+fp/hard\libc_nano.a(libc_a-printf.o)
                0x000000000800632c                iprintf
                0x000000000800632c                printf
 .text.putchar  0x0000000008006350       0x10 C:/ST/STM32CubeIDE_1.13.2/STM32CubeIDE/plugins/com.st.stm32cube.ide.mcu.externaltools.gnu-tools-for-stm32.11.3.rel1.win32_1.1.1.202309131626/tools/bin/../lib/gcc/arm-none-eabi/11.3.1/../../../../arm-none-eabi/lib/thumb/v7e-m+fp/hard\libc_nano.a(libc_a-putchar.o)
                0x0000000008006350                putchar
 .text.__sread  0x0000000008006360       0x22 C:/ST/STM32CubeIDE_1.13.2/STM32CubeIDE/plugins/com.st.stm32cube.ide.mcu.externaltools.gnu-tools-for-stm32.11.3.rel1.win32_1.1.1.202309131626/tools/bin/../lib/gcc/arm-none-eabi/11.3.1/../../../../arm-none-eabi/lib/thumb/v7e-m+fp/hard\libc_nano.a(libc_a-stdio.o)
                0x0000000008006360                __sread
 .text.__swrite
                0x0000000008006382       0x38 C:/ST/STM32CubeIDE_1.13.2/STM32CubeIDE/plugins/com.st.stm32cube.ide.mcu.externaltools.gnu-tools-for-stm32.11.3.rel1.win32_1.1.1.202309131626/tools/bin/../lib/gcc/arm-none-eabi/11.3.1/../../../../arm-none-eabi/lib/thumb/v7e-m+fp/hard\libc_nano.a(libc_a-stdio.o)
                0x0000000008006382                __swrite
 .text.__sseek  0x00000000080063ba       0x24 C:/ST/STM32CubeIDE_1.13.2/STM32CubeIDE/plugins/com.st.stm32cube.ide.mcu.externaltools.gnu-tools-for-stm32.11.3.rel1.win32_1.1.1.202309131626/tools/bin/../lib/gcc/arm-none-eabi/11.3.1/../../../../arm-none-eabi/lib/thumb/v7e-m+fp/hard\libc_nano.a(libc_a-stdio.o)
                0x00000000080063ba                __sseek
 .text.__sclose
                0x00000000080063de        0x8 C:/ST/STM32CubeIDE_1.13.2/STM32CubeIDE/plugins/com.st.stm32cube.ide.mcu.externaltools.gnu-tools-for-stm32.11.3.rel1.win32_1.1.1.202309131626/tools/bin/../lib/gcc/arm-none-eabi/11.3.1/../../../../arm-none-eabi/lib/thumb/v7e-m+fp/hard\libc_nano.a(libc_a-stdio.o)
                0x00000000080063de                __sclose
 .text.memmove  0x00000000080063e6       0x34 C:/ST/STM32CubeIDE_1.13.2/STM32CubeIDE/plugins/com.st.stm32cube.ide.mcu.externaltools.gnu-tools-for-stm32.11.3.rel1.win32_1.1.1.202309131626/tools/bin/../lib/gcc/arm-none-eabi/11.3.1/../../../../arm-none-eabi/lib/thumb/v7e-m+fp/hard\libc_nano.a(libc_a-memmove.o)
                0x00000000080063e6                memmove
 .text.memset   0x000000000800641a       0x10 C:/ST/STM32CubeIDE_1.13.2/STM32CubeIDE/plugins/com.st.stm32cube.ide.mcu.externaltools.gnu-tools-for-stm32.11.3.rel1.win32_1.1.1.202309131626/tools/bin/../lib/gcc/arm-none-eabi/11.3.1/../../../../arm-none-eabi/lib/thumb/v7e-m+fp/hard\libc_nano.a(libc_a-memset.o)
                0x000000000800641a                memset
 *fill*         0x000000000800642a        0x2 
 .text._close_r
                0x000000000800642c       0x20 C:/ST/STM32CubeIDE_1.13.2/STM32CubeIDE/plugins/com.st.stm32cube.ide.mcu.externaltools.gnu-tools-for-stm32.11.3.rel1.win32_1.1.1.202309131626/tools/bin/../lib/gcc/arm-none-eabi/11.3.1/../../../../arm-none-eabi/lib/thumb/v7e-m+fp/hard\libc_nano.a(libc_a-closer.o)
                0x000000000800642c                _close_r
 .text._lseek_r
                0x000000000800644c       0x24 C:/ST/STM32CubeIDE_1.13.2/STM32CubeIDE/plugins/com.st.stm32cube.ide.mcu.externaltools.gnu-tools-for-stm32.11.3.rel1.win32_1.1.1.202309131626/tools/bin/../lib/gcc/arm-none-eabi/11.3.1/../../../../arm-none-eabi/lib/thumb/v7e-m+fp/hard\libc_nano.a(libc_a-lseekr.o)
                0x000000000800644c                _lseek_r
 .text._read_r  0x0000000008006470       0x24 C:/ST/STM32CubeIDE_1.13.2/STM32CubeIDE/plugins/com.st.stm32cube.ide.mcu.externaltools.gnu-tools-for-stm32.11.3.rel1.win32_1.1.1.202309131626/tools/bin/../lib/gcc/arm-none-eabi/11.3.1/../../../../arm-none-eabi/lib/thumb/v7e-m+fp/hard\libc_nano.a(libc_a-readr.o)
                0x0000000008006470                _read_r
 .text._write_r
                0x0000000008006494       0x24 C:/ST/STM32CubeIDE_1.13.2/STM32CubeIDE/plugins/com.st.stm32cube.ide.mcu.externaltools.gnu-tools-for-stm32.11.3.rel1.win32_1.1.1.202309131626/tools/bin/../lib/gcc/arm-none-eabi/11.3.1/../../../../arm-none-eabi/lib/thumb/v7e-m+fp/hard\libc_nano.a(libc_a-writer.o)
                0x0000000008006494                _write_r
 .text.__errno  0x00000000080064b8        0xc C:/ST/STM32CubeIDE_1.13.2/STM32CubeIDE/plugins/com.st.stm32cube.ide.mcu.externaltools.gnu-tools-for-stm32.11.3.rel1.win32_1.1.1.202309131626/tools/bin/../lib/gcc/arm-none-eabi/11.3.1/../../../../arm-none-eabi/lib/thumb/v7e-m+fp/hard\libc_nano.a(libc_a-errno.o)
                0x00000000080064b8                __errno
 .text.__libc_init_array
                0x00000000080064c4       0x48 C:/ST/STM32CubeIDE_1.13.2/STM32CubeIDE/plugins/com.st.stm32cube.ide.mcu.externaltools.gnu-tools-for-stm32.11.3.rel1.win32_1.1.1.202309131626/tools/bin/../lib/gcc/arm-none-eabi/11.3.1/../../../../arm-none-eabi/lib/thumb/v7e-m+fp/hard\libc_nano.a(libc_a-init.o)
                0x00000000080064c4                __libc_init_array
 .text.__retarget_lock_init_recursive
                0x000000000800650c        0x2 C:/ST/STM32CubeIDE_1.13.2/STM32CubeIDE/plugins/com.st.stm32cube.ide.mcu.externaltools.gnu-tools-for-stm32.11.3.rel1.win32_1.1.1.202309131626/tools/bin/../lib/gcc/arm-none-eabi/11.3.1/../../../../arm-none-eabi/lib/thumb/v7e-m+fp/hard\libc_nano.a(libc_a-lock.o)
                0x000000000800650c                __retarget_lock_init_recursive
 .text.__retarget_lock_acquire_recursive
                0x000000000800650e        0x2 C:/ST/STM32CubeIDE_1.13.2/STM32CubeIDE/plugins/com.st.stm32cube.ide.mcu.externaltools.gnu-tools-for-stm32.11.3.rel1.win32_1.1.1.202309131626/tools/bin/../lib/gcc/arm-none-eabi/11.3.1/../../../../arm-none-eabi/lib/thumb/v7e-m+fp/hard\libc_nano.a(libc_a-lock.o)
                0x000000000800650e                __retarget_lock_acquire_recursive
 .text.__retarget_lock_release_recursive
                0x0000000008006510        0x2 C:/ST/STM32CubeIDE_1.13.2/STM32CubeIDE/plugins/com.st.stm32cube.ide.mcu.externaltools.gnu-tools-for-stm32.11.3.rel1.win32_1.1.1.202309131626/tools/bin/../lib/gcc/arm-none-eabi/11.3.1/../../../../arm-none-eabi/lib/thumb/v7e-m+fp/hard\libc_nano.a(libc_a-lock.o)
                0x0000000008006510                __retarget_lock_release_recursive
 .text.memcpy   0x0000000008006512       0x1c C:/ST/STM32CubeIDE_1.13.2/STM32CubeIDE/plugins/com.st.stm32cube.ide.mcu.externaltools.gnu-tools-for-stm32.11.3.rel1.win32_1.1.1.202309131626/tools/bin/../lib/gcc/arm-none-eabi/11.3.1/../../../../arm-none-eabi/lib/thumb/v7e-m+fp/hard\libc_nano.a(libc_a-memcpy-stub.o)
                0x0000000008006512                memcpy
 *fill*         0x000000000800652e        0x2 
 .text._free_r  0x0000000008006530       0x98 C:/ST/STM32CubeIDE_1.13.2/STM32CubeIDE/plugins/com.st.stm32cube.ide.mcu.externaltools.gnu-tools-for-stm32.11.3.rel1.win32_1.1.1.202309131626/tools/bin/../lib/gcc/arm-none-eabi/11.3.1/../../../../arm-none-eabi/lib/thumb/v7e-m+fp/hard\libc_nano.a(libc_a-freer.o)
                0x0000000008006530                _free_r
 .text.sbrk_aligned
                0x00000000080065c8       0x40 C:/ST/STM32CubeIDE_1.13.2/STM32CubeIDE/plugins/com.st.stm32cube.ide.mcu.externaltools.gnu-tools-for-stm32.11.3.rel1.win32_1.1.1.202309131626/tools/bin/../lib/gcc/arm-none-eabi/11.3.1/../../../../arm-none-eabi/lib/thumb/v7e-m+fp/hard\libc_nano.a(libc_a-mallocr.o)
 .text._malloc_r
                0x0000000008006608      0x100 C:/ST/STM32CubeIDE_1.13.2/STM32CubeIDE/plugins/com.st.stm32cube.ide.mcu.externaltools.gnu-tools-for-stm32.11.3.rel1.win32_1.1.1.202309131626/tools/bin/../lib/gcc/arm-none-eabi/11.3.1/../../../../arm-none-eabi/lib/thumb/v7e-m+fp/hard\libc_nano.a(libc_a-mallocr.o)
                0x0000000008006608                _malloc_r
 .text.__malloc_lock
                0x0000000008006708        0xc C:/ST/STM32CubeIDE_1.13.2/STM32CubeIDE/plugins/com.st.stm32cube.ide.mcu.externaltools.gnu-tools-for-stm32.11.3.rel1.win32_1.1.1.202309131626/tools/bin/../lib/gcc/arm-none-eabi/11.3.1/../../../../arm-none-eabi/lib/thumb/v7e-m+fp/hard\libc_nano.a(libc_a-mlock.o)
                0x0000000008006708                __malloc_lock
 .text.__malloc_unlock
                0x0000000008006714        0xc C:/ST/STM32CubeIDE_1.13.2/STM32CubeIDE/plugins/com.st.stm32cube.ide.mcu.externaltools.gnu-tools-for-stm32.11.3.rel1.win32_1.1.1.202309131626/tools/bin/../lib/gcc/arm-none-eabi/11.3.1/../../../../arm-none-eabi/lib/thumb/v7e-m+fp/hard\libc_nano.a(libc_a-mlock.o)
                0x0000000008006714                __malloc_unlock
 .text.__sfputc_r
                0x0000000008006720       0x2e C:/ST/STM32CubeIDE_1.13.2/STM32CubeIDE/plugins/com.st.stm32cube.ide.mcu.externaltools.gnu-tools-for-stm32.11.3.rel1.win32_1.1.1.202309131626/tools/bin/../lib/gcc/arm-none-eabi/11.3.1/../../../../arm-none-eabi/lib/thumb/v7e-m+fp/hard\libc_nano.a(libc_a-nano-vfprintf.o)
 .text.__sfputs_r
                0x000000000800674e       0x24 C:/ST/STM32CubeIDE_1.13.2/STM32CubeIDE/plugins/com.st.stm32cube.ide.mcu.externaltools.gnu-tools-for-stm32.11.3.rel1.win32_1.1.1.202309131626/tools/bin/../lib/gcc/arm-none-eabi/11.3.1/../../../../arm-none-eabi/lib/thumb/v7e-m+fp/hard\libc_nano.a(libc_a-nano-vfprintf.o)
                0x000000000800674e                __sfputs_r
 *fill*         0x0000000008006772        0x2 
 .text._vfprintf_r
                0x0000000008006774      0x234 C:/ST/STM32CubeIDE_1.13.2/STM32CubeIDE/plugins/com.st.stm32cube.ide.mcu.externaltools.gnu-tools-for-stm32.11.3.rel1.win32_1.1.1.202309131626/tools/bin/../lib/gcc/arm-none-eabi/11.3.1/../../../../arm-none-eabi/lib/thumb/v7e-m+fp/hard\libc_nano.a(libc_a-nano-vfprintf.o)
                0x0000000008006774                _vfprintf_r
                0x0000000008006774                _vfiprintf_r
 .text._printf_common
                0x00000000080069a8       0xda C:/ST/STM32CubeIDE_1.13.2/STM32CubeIDE/plugins/com.st.stm32cube.ide.mcu.externaltools.gnu-tools-for-stm32.11.3.rel1.win32_1.1.1.202309131626/tools/bin/../lib/gcc/arm-none-eabi/11.3.1/../../../../arm-none-eabi/lib/thumb/v7e-m+fp/hard\libc_nano.a(libc_a-nano-vfprintf_i.o)
                0x00000000080069a8                _printf_common
 *fill*         0x0000000008006a82        0x2 
 .text._printf_i
                0x0000000008006a84      0x244 C:/ST/STM32CubeIDE_1.13.2/STM32CubeIDE/plugins/com.st.stm32cube.ide.mcu.externaltools.gnu-tools-for-stm32.11.3.rel1.win32_1.1.1.202309131626/tools/bin/../lib/gcc/arm-none-eabi/11.3.1/../../../../arm-none-eabi/lib/thumb/v7e-m+fp/hard\libc_nano.a(libc_a-nano-vfprintf_i.o)
                0x0000000008006a84                _printf_i
 .text.__sflush_r
                0x0000000008006cc8      0x10c C:/ST/STM32CubeIDE_1.13.2/STM32CubeIDE/plugins/com.st.stm32cube.ide.mcu.externaltools.gnu-tools-for-stm32.11.3.rel1.win32_1.1.1.202309131626/tools/bin/../lib/gcc/arm-none-eabi/11.3.1/../../../../arm-none-eabi/lib/thumb/v7e-m+fp/hard\libc_nano.a(libc_a-fflush.o)
                0x0000000008006cc8                __sflush_r
 .text._fflush_r
                0x0000000008006dd4       0x50 C:/ST/STM32CubeIDE_1.13.2/STM32CubeIDE/plugins/com.st.stm32cube.ide.mcu.externaltools.gnu-tools-for-stm32.11.3.rel1.win32_1.1.1.202309131626/tools/bin/../lib/gcc/arm-none-eabi/11.3.1/../../../../arm-none-eabi/lib/thumb/v7e-m+fp/hard\libc_nano.a(libc_a-fflush.o)
                0x0000000008006dd4                _fflush_r
 .text._putc_r  0x0000000008006e24       0x68 C:/ST/STM32CubeIDE_1.13.2/STM32CubeIDE/plugins/com.st.stm32cube.ide.mcu.externaltools.gnu-tools-for-stm32.11.3.rel1.win32_1.1.1.202309131626/tools/bin/../lib/gcc/arm-none-eabi/11.3.1/../../../../arm-none-eabi/lib/thumb/v7e-m+fp/hard\libc_nano.a(libc_a-putc.o)
                0x0000000008006e24                _putc_r
 .text.__swbuf_r
                0x0000000008006e8c       0x7a C:/ST/STM32CubeIDE_1.13.2/STM32CubeIDE/plugins/com.st.stm32cube.ide.mcu.externaltools.gnu-tools-for-stm32.11.3.rel1.win32_1.1.1.202309131626/tools/bin/../lib/gcc/arm-none-eabi/11.3.1/../../../../arm-none-eabi/lib/thumb/v7e-m+fp/hard\libc_nano.a(libc_a-wbuf.o)
                0x0000000008006e8c                __swbuf_r
 *fill*         0x0000000008006f06        0x2 
 .text.__swsetup_r
                0x0000000008006f08       0xb0 C:/ST/STM32CubeIDE_1.13.2/STM32CubeIDE/plugins/com.st.stm32cube.ide.mcu.externaltools.gnu-tools-for-stm32.11.3.rel1.win32_1.1.1.202309131626/tools/bin/../lib/gcc/arm-none-eabi/11.3.1/../../../../arm-none-eabi/lib/thumb/v7e-m+fp/hard\libc_nano.a(libc_a-wsetup.o)
                0x0000000008006f08                __swsetup_r
 .text._sbrk_r  0x0000000008006fb8       0x20 C:/ST/STM32CubeIDE_1.13.2/STM32CubeIDE/plugins/com.st.stm32cube.ide.mcu.externaltools.gnu-tools-for-stm32.11.3.rel1.win32_1.1.1.202309131626/tools/bin/../lib/gcc/arm-none-eabi/11.3.1/../../../../arm-none-eabi/lib/thumb/v7e-m+fp/hard\libc_nano.a(libc_a-sbrkr.o)
                0x0000000008006fb8                _sbrk_r
 .text.__swhatbuf_r
                0x0000000008006fd8       0x4c C:/ST/STM32CubeIDE_1.13.2/STM32CubeIDE/plugins/com.st.stm32cube.ide.mcu.externaltools.gnu-tools-for-stm32.11.3.rel1.win32_1.1.1.202309131626/tools/bin/../lib/gcc/arm-none-eabi/11.3.1/../../../../arm-none-eabi/lib/thumb/v7e-m+fp/hard\libc_nano.a(libc_a-makebuf.o)
                0x0000000008006fd8                __swhatbuf_r
 .text.__smakebuf_r
                0x0000000008007024       0x78 C:/ST/STM32CubeIDE_1.13.2/STM32CubeIDE/plugins/com.st.stm32cube.ide.mcu.externaltools.gnu-tools-for-stm32.11.3.rel1.win32_1.1.1.202309131626/tools/bin/../lib/gcc/arm-none-eabi/11.3.1/../../../../arm-none-eabi/lib/thumb/v7e-m+fp/hard\libc_nano.a(libc_a-makebuf.o)
                0x0000000008007024                __smakebuf_r
 .text._fstat_r
                0x000000000800709c       0x24 C:/ST/STM32CubeIDE_1.13.2/STM32CubeIDE/plugins/com.st.stm32cube.ide.mcu.externaltools.gnu-tools-for-stm32.11.3.rel1.win32_1.1.1.202309131626/tools/bin/../lib/gcc/arm-none-eabi/11.3.1/../../../../arm-none-eabi/lib/thumb/v7e-m+fp/hard\libc_nano.a(libc_a-fstatr.o)
                0x000000000800709c                _fstat_r
 .text._isatty_r
                0x00000000080070c0       0x20 C:/ST/STM32CubeIDE_1.13.2/STM32CubeIDE/plugins/com.st.stm32cube.ide.mcu.externaltools.gnu-tools-for-stm32.11.3.rel1.win32_1.1.1.202309131626/tools/bin/../lib/gcc/arm-none-eabi/11.3.1/../../../../arm-none-eabi/lib/thumb/v7e-m+fp/hard\libc_nano.a(libc_a-isattyr.o)
                0x00000000080070c0                _isatty_r
 *(.glue_7)
 .glue_7        0x00000000080070e0        0x0 linker stubs
 *(.glue_7t)
 .glue_7t       0x00000000080070e0        0x0 linker stubs
 *(.eh_frame)
 .eh_frame      0x00000000080070e0        0x0 C:/ST/STM32CubeIDE_1.13.2/STM32CubeIDE/plugins/com.st.stm32cube.ide.mcu.externaltools.gnu-tools-for-stm32.11.3.rel1.win32_1.1.1.202309131626/tools/bin/../lib/gcc/arm-none-eabi/11.3.1/thumb/v7e-m+fp/hard/crtbegin.o
 *(.init)
 .init          0x00000000080070e0        0x4 C:/ST/STM32CubeIDE_1.13.2/STM32CubeIDE/plugins/com.st.stm32cube.ide.mcu.externaltools.gnu-tools-for-stm32.11.3.rel1.win32_1.1.1.202309131626/tools/bin/../lib/gcc/arm-none-eabi/11.3.1/thumb/v7e-m+fp/hard/crti.o
                0x00000000080070e0                _init
 .init          0x00000000080070e4        0x8 C:/ST/STM32CubeIDE_1.13.2/STM32CubeIDE/plugins/com.st.stm32cube.ide.mcu.externaltools.gnu-tools-for-stm32.11.3.rel1.win32_1.1.1.202309131626/tools/bin/../lib/gcc/arm-none-eabi/11.3.1/thumb/v7e-m+fp/hard/crtn.o
 *(.fini)
 .fini          0x00000000080070ec        0x4 C:/ST/STM32CubeIDE_1.13.2/STM32CubeIDE/plugins/com.st.stm32cube.ide.mcu.externaltools.gnu-tools-for-stm32.11.3.rel1.win32_1.1.1.202309131626/tools/bin/../lib/gcc/arm-none-eabi/11.3.1/thumb/v7e-m+fp/hard/crti.o
                0x00000000080070ec                _fini
 .fini          0x00000000080070f0        0x8 C:/ST/STM32CubeIDE_1.13.2/STM32CubeIDE/plugins/com.st.stm32cube.ide.mcu.externaltools.gnu-tools-for-stm32.11.3.rel1.win32_1.1.1.202309131626/tools/bin/../lib/gcc/arm-none-eabi/11.3.1/thumb/v7e-m+fp/hard/crtn.o
                0x00000000080070f8                . = ALIGN (0x4)
                0x00000000080070f8                _etext = .

.vfp11_veneer   0x00000000080070f8        0x0
 .vfp11_veneer  0x00000000080070f8        0x0 linker stubs

.v4_bx          0x00000000080070f8        0x0
 .v4_bx         0x00000000080070f8        0x0 linker stubs

.iplt           0x00000000080070f8        0x0
 .iplt          0x00000000080070f8        0x0 C:/ST/STM32CubeIDE_1.13.2/STM32CubeIDE/plugins/com.st.stm32cube.ide.mcu.externaltools.gnu-tools-for-stm32.11.3.rel1.win32_1.1.1.202309131626/tools/bin/../lib/gcc/arm-none-eabi/11.3.1/thumb/v7e-m+fp/hard/crtbegin.o

.rodata         0x00000000080070f8      0x670
                0x00000000080070f8                . = ALIGN (0x4)
 *(.rodata)
 .rodata        0x00000000080070f8       0xe5 ./Core/Src/main.o
 *fill*         0x00000000080071dd        0x3 
 .rodata        0x00000000080071e0        0xb ./Project/CeNTI_Library/HAL/COM/UART/RingBuffer/CeNTI_UART_1_RingBuffer.o
 *fill*         0x00000000080071eb        0x1 
 .rodata        0x00000000080071ec       0x20 ./Project/CeNTI_Library/lib/ArrayList/CeNTI_ArrayList.o
 .rodata        0x000000000800720c      0x10f ./Project/CeNTI_Library/lib/Debug/CeNTI_Debug.o
 *fill*         0x000000000800731b        0x1 
 .rodata        0x000000000800731c        0xb ./Project/CeNTI_Library/lib/SoftTimer/CeNTI_SoftTimer.o
 *fill*         0x0000000008007327        0x1 
 .rodata        0x0000000008007328      0x213 ./Project/Devices/MODBUS/MODBUS.o
 *fill*         0x000000000800753b        0x1 
 .rodata        0x000000000800753c      0x170 ./Project/Manager/Manager.o
 *(.rodata*)
 .rodata.AHBPrescTable
                0x00000000080076ac       0x10 ./Core/Src/system_stm32l4xx.o
                0x00000000080076ac                AHBPrescTable
 .rodata.APBPrescTable
                0x00000000080076bc        0x8 ./Core/Src/system_stm32l4xx.o
                0x00000000080076bc                APBPrescTable
 .rodata.MSIRangeTable
                0x00000000080076c4       0x30 ./Core/Src/system_stm32l4xx.o
                0x00000000080076c4                MSIRangeTable
 .rodata.RET_VEC
                0x00000000080076f4       0x14 ./Project/CeNTI_Library/lib/Debug/CeNTI_Debug.o
                0x00000000080076f4                RET_VEC
 .rodata.ST_CONF
                0x0000000008007708       0x1c ./Project/Devices/MODBUS/MODBUS.o
 .rodata.DEVICE_CMD_init_vec
                0x0000000008007724        0x2 ./Project/Manager/Manager.o
                0x0000000008007724                DEVICE_CMD_init_vec
 *fill*         0x0000000008007726        0x2 
 .rodata.DEVICE_CMD_configure_device_vec
                0x0000000008007728        0x2 ./Project/Manager/Manager.o
                0x0000000008007728                DEVICE_CMD_configure_device_vec
 *fill*         0x000000000800772a        0x2 
 .rodata.DEVICE_CMD__get_data
                0x000000000800772c        0x3 ./Project/Manager/Manager.o
                0x000000000800772c                DEVICE_CMD__get_data
 *fill*         0x000000000800772f        0x1 
 .rodata.DEVICE_CMD__report_data
                0x0000000008007730        0x5 ./Project/Manager/Manager.o
                0x0000000008007730                DEVICE_CMD__report_data
 .rodata._vfprintf_r.str1.1
                0x0000000008007735       0x11 C:/ST/STM32CubeIDE_1.13.2/STM32CubeIDE/plugins/com.st.stm32cube.ide.mcu.externaltools.gnu-tools-for-stm32.11.3.rel1.win32_1.1.1.202309131626/tools/bin/../lib/gcc/arm-none-eabi/11.3.1/../../../../arm-none-eabi/lib/thumb/v7e-m+fp/hard\libc_nano.a(libc_a-nano-vfprintf.o)
 .rodata._printf_i.str1.1
                0x0000000008007746       0x22 C:/ST/STM32CubeIDE_1.13.2/STM32CubeIDE/plugins/com.st.stm32cube.ide.mcu.externaltools.gnu-tools-for-stm32.11.3.rel1.win32_1.1.1.202309131626/tools/bin/../lib/gcc/arm-none-eabi/11.3.1/../../../../arm-none-eabi/lib/thumb/v7e-m+fp/hard\libc_nano.a(libc_a-nano-vfprintf_i.o)
                0x0000000008007768                . = ALIGN (0x4)

.ARM.extab      0x0000000008007768        0x0
                0x0000000008007768                . = ALIGN (0x4)
 *(.ARM.extab* .gnu.linkonce.armextab.*)
                0x0000000008007768                . = ALIGN (0x4)

.ARM            0x0000000008007768        0x8
                0x0000000008007768                . = ALIGN (0x4)
                0x0000000008007768                __exidx_start = .
 *(.ARM.exidx*)
 .ARM.exidx     0x0000000008007768        0x8 C:/ST/STM32CubeIDE_1.13.2/STM32CubeIDE/plugins/com.st.stm32cube.ide.mcu.externaltools.gnu-tools-for-stm32.11.3.rel1.win32_1.1.1.202309131626/tools/bin/../lib/gcc/arm-none-eabi/11.3.1/thumb/v7e-m+fp/hard\libgcc.a(_udivmoddi4.o)
                0x0000000008007770                __exidx_end = .
                0x0000000008007770                . = ALIGN (0x4)

.rel.dyn        0x0000000008007770        0x0
 .rel.iplt      0x0000000008007770        0x0 C:/ST/STM32CubeIDE_1.13.2/STM32CubeIDE/plugins/com.st.stm32cube.ide.mcu.externaltools.gnu-tools-for-stm32.11.3.rel1.win32_1.1.1.202309131626/tools/bin/../lib/gcc/arm-none-eabi/11.3.1/thumb/v7e-m+fp/hard/crtbegin.o

.preinit_array  0x0000000008007770        0x0
                0x0000000008007770                . = ALIGN (0x4)
                0x0000000008007770                PROVIDE (__preinit_array_start = .)
 *(.preinit_array*)
                0x0000000008007770                PROVIDE (__preinit_array_end = .)
                0x0000000008007770                . = ALIGN (0x4)

.init_array     0x0000000008007770        0x4
                0x0000000008007770                . = ALIGN (0x4)
                0x0000000008007770                PROVIDE (__init_array_start = .)
 *(SORT_BY_NAME(.init_array.*))
 *(.init_array*)
 .init_array    0x0000000008007770        0x4 C:/ST/STM32CubeIDE_1.13.2/STM32CubeIDE/plugins/com.st.stm32cube.ide.mcu.externaltools.gnu-tools-for-stm32.11.3.rel1.win32_1.1.1.202309131626/tools/bin/../lib/gcc/arm-none-eabi/11.3.1/thumb/v7e-m+fp/hard/crtbegin.o
                0x0000000008007774                PROVIDE (__init_array_end = .)
                0x0000000008007774                . = ALIGN (0x4)

.fini_array     0x0000000008007774        0x4
                0x0000000008007774                . = ALIGN (0x4)
                [!provide]                        PROVIDE (__fini_array_start = .)
 *(SORT_BY_NAME(.fini_array.*))
 *(.fini_array*)
 .fini_array    0x0000000008007774        0x4 C:/ST/STM32CubeIDE_1.13.2/STM32CubeIDE/plugins/com.st.stm32cube.ide.mcu.externaltools.gnu-tools-for-stm32.11.3.rel1.win32_1.1.1.202309131626/tools/bin/../lib/gcc/arm-none-eabi/11.3.1/thumb/v7e-m+fp/hard/crtbegin.o
                [!provide]                        PROVIDE (__fini_array_end = .)
                0x0000000008007778                . = ALIGN (0x4)
                0x0000000008007778                _sidata = LOADADDR (.data)

.data           0x0000000020000000       0xf8 load address 0x0000000008007778
                0x0000000020000000                . = ALIGN (0x4)
                0x0000000020000000                _sdata = .
 *(.data)
 *(.data*)
 .data.g_et_state
                0x0000000020000000        0x1 ./Core/Src/main.o
 *fill*         0x0000000020000001        0x3 
 .data.SystemCoreClock
                0x0000000020000004        0x4 ./Core/Src/system_stm32l4xx.o
                0x0000000020000004                SystemCoreClock
 .data.uwTickPrio
                0x0000000020000008        0x4 ./Drivers/STM32L4xx_HAL_Driver/Src/stm32l4xx_hal.o
                0x0000000020000008                uwTickPrio
 .data.uwTickFreq
                0x000000002000000c        0x1 ./Drivers/STM32L4xx_HAL_Driver/Src/stm32l4xx_hal.o
                0x000000002000000c                uwTickFreq
 *fill*         0x000000002000000d        0x3 
 .data.g_arraylist_inst
                0x0000000020000010       0x14 ./Project/CeNTI_Library/lib/ArrayList/CeNTI_ArrayList.o
 .data.RET_MSG_VEC
                0x0000000020000024       0x50 ./Project/CeNTI_Library/lib/Debug/CeNTI_Debug.o
                0x0000000020000024                RET_MSG_VEC
 .data.DEVICE_STATE_vec
                0x0000000020000074       0x10 ./Project/Manager/Manager.o
                0x0000000020000074                DEVICE_STATE_vec
 .data.FLAGS_TOTAL
                0x0000000020000084        0x1 ./Project/Manager/Manager.o
                0x0000000020000084                FLAGS_TOTAL
 *fill*         0x0000000020000085        0x3 
 .data.vecFLAGS
                0x0000000020000088        0x4 ./Project/Manager/Manager.o
                0x0000000020000088                vecFLAGS
 .data.FLAGS    0x000000002000008c        0x4 ./Project/Manager/Manager.o
                0x000000002000008c                FLAGS
 .data.vecET_FLAG_SOFTTIMER_INSTANCES
                0x0000000020000090        0x1 ./Project/Manager/Manager.o
                0x0000000020000090                vecET_FLAG_SOFTTIMER_INSTANCES
 *fill*         0x0000000020000091        0x3 
 .data.ET_FLAG_SOFTTIMER_INSTANCES
                0x0000000020000094        0x4 ./Project/Manager/Manager.o
                0x0000000020000094                ET_FLAG_SOFTTIMER_INSTANCES
 .data.g_et_state
                0x0000000020000098        0x1 ./Project/Manager/Manager.o
 .data.et_cmd.5
                0x0000000020000099        0x1 ./Project/Manager/Manager.o
 *fill*         0x000000002000009a        0x2 
 .data.__sglue  0x000000002000009c        0xc C:/ST/STM32CubeIDE_1.13.2/STM32CubeIDE/plugins/com.st.stm32cube.ide.mcu.externaltools.gnu-tools-for-stm32.11.3.rel1.win32_1.1.1.202309131626/tools/bin/../lib/gcc/arm-none-eabi/11.3.1/../../../../arm-none-eabi/lib/thumb/v7e-m+fp/hard\libc_nano.a(libc_a-findfp.o)
                0x000000002000009c                __sglue
 .data._impure_data
                0x00000000200000a8       0x4c C:/ST/STM32CubeIDE_1.13.2/STM32CubeIDE/plugins/com.st.stm32cube.ide.mcu.externaltools.gnu-tools-for-stm32.11.3.rel1.win32_1.1.1.202309131626/tools/bin/../lib/gcc/arm-none-eabi/11.3.1/../../../../arm-none-eabi/lib/thumb/v7e-m+fp/hard\libc_nano.a(libc_a-impure.o)
                0x00000000200000a8                _impure_data
 .data._impure_ptr
                0x00000000200000f4        0x4 C:/ST/STM32CubeIDE_1.13.2/STM32CubeIDE/plugins/com.st.stm32cube.ide.mcu.externaltools.gnu-tools-for-stm32.11.3.rel1.win32_1.1.1.202309131626/tools/bin/../lib/gcc/arm-none-eabi/11.3.1/../../../../arm-none-eabi/lib/thumb/v7e-m+fp/hard\libc_nano.a(libc_a-impure.o)
                0x00000000200000f4                _impure_ptr
 *(.RamFunc)
 *(.RamFunc*)
                0x00000000200000f8                . = ALIGN (0x4)
                0x00000000200000f8                _edata = .

.igot.plt       0x00000000200000f8        0x0 load address 0x0000000008007870
 .igot.plt      0x00000000200000f8        0x0 C:/ST/STM32CubeIDE_1.13.2/STM32CubeIDE/plugins/com.st.stm32cube.ide.mcu.externaltools.gnu-tools-for-stm32.11.3.rel1.win32_1.1.1.202309131626/tools/bin/../lib/gcc/arm-none-eabi/11.3.1/thumb/v7e-m+fp/hard/crtbegin.o
                0x00000000200000f8                . = ALIGN (0x4)

.bss            0x00000000200000f8      0x408 load address 0x0000000008007870
                0x00000000200000f8                _sbss = .
                0x00000000200000f8                __bss_start__ = _sbss
 *(.bss)
 .bss           0x00000000200000f8       0x1c C:/ST/STM32CubeIDE_1.13.2/STM32CubeIDE/plugins/com.st.stm32cube.ide.mcu.externaltools.gnu-tools-for-stm32.11.3.rel1.win32_1.1.1.202309131626/tools/bin/../lib/gcc/arm-none-eabi/11.3.1/thumb/v7e-m+fp/hard/crtbegin.o
 *(.bss*)
 .bss.f_soft_reset
                0x0000000020000114        0x1 ./Core/Src/main.o
                0x0000000020000114                f_soft_reset
 *fill*         0x0000000020000115        0x3 
 .bss.__sbrk_heap_end
                0x0000000020000118        0x4 ./Core/Src/sysmem.o
 .bss.huart1    0x000000002000011c       0x88 ./Core/Src/usart.o
                0x000000002000011c                huart1
 .bss.huart2    0x00000000200001a4       0x88 ./Core/Src/usart.o
                0x00000000200001a4                huart2
 .bss.uwTick    0x000000002000022c        0x4 ./Drivers/STM32L4xx_HAL_Driver/Src/stm32l4xx_hal.o
                0x000000002000022c                uwTick
 .bss.g_initialized
                0x0000000020000230        0x1 ./Project/CeNTI_Library/HAL/COM/UART/RingBuffer/CeNTI_UART_1_RingBuffer.o
 .bss.f_RX      0x0000000020000231        0x1 ./Project/CeNTI_Library/HAL/COM/UART/RingBuffer/CeNTI_UART_1_RingBuffer.o
 .bss.f_TX      0x0000000020000232        0x1 ./Project/CeNTI_Library/HAL/COM/UART/RingBuffer/CeNTI_UART_1_RingBuffer.o
 .bss.g_rx_byte
                0x0000000020000233        0x1 ./Project/CeNTI_Library/HAL/COM/UART/RingBuffer/CeNTI_UART_1_RingBuffer.o
 .bss.g_rx_vec  0x0000000020000234       0x64 ./Project/CeNTI_Library/HAL/COM/UART/RingBuffer/CeNTI_UART_1_RingBuffer.o
 .bss.g_tx_vec  0x0000000020000298       0x64 ./Project/CeNTI_Library/HAL/COM/UART/RingBuffer/CeNTI_UART_1_RingBuffer.o
 .bss.g_rx_set_idx
                0x00000000200002fc        0x4 ./Project/CeNTI_Library/HAL/COM/UART/RingBuffer/CeNTI_UART_1_RingBuffer.o
 .bss.g_tx_set_idx
                0x0000000020000300        0x4 ./Project/CeNTI_Library/HAL/COM/UART/RingBuffer/CeNTI_UART_1_RingBuffer.o
 .bss.g_rx_get_idx
                0x0000000020000304        0x4 ./Project/CeNTI_Library/HAL/COM/UART/RingBuffer/CeNTI_UART_1_RingBuffer.o
 .bss.g_tx_get_idx
                0x0000000020000308        0x4 ./Project/CeNTI_Library/HAL/COM/UART/RingBuffer/CeNTI_UART_1_RingBuffer.o
 .bss.UART_1_CB__Rx
                0x000000002000030c        0x4 ./Project/CeNTI_Library/HAL/COM/UART/RingBuffer/CeNTI_UART_1_RingBuffer.o
 .bss.UART_1_CB__Tx
                0x0000000020000310        0x4 ./Project/CeNTI_Library/HAL/COM/UART/RingBuffer/CeNTI_UART_1_RingBuffer.o
 .bss.g_initialized_vec
                0x0000000020000314        0x1 ./Project/CeNTI_Library/lib/ArrayList/CeNTI_ArrayList.o
 *fill*         0x0000000020000315        0x3 
 .bss.g_st_softtimers_vec
                0x0000000020000318       0x54 ./Project/CeNTI_Library/lib/SoftTimer/CeNTI_SoftTimer.o
 .bss.g_st_time_counter
                0x000000002000036c        0x8 ./Project/CeNTI_Library/lib/SoftTimer/CeNTI_SoftTimer.o
 .bss.g_initialized
                0x0000000020000374        0x1 ./Project/CeNTI_Library/lib/SoftTimer/CeNTI_SoftTimer.o
 *fill*         0x0000000020000375        0x3 
 .bss.g_initialized
                0x0000000020000378        0x1 ./Project/Devices/MODBUS/MODBUS.o
 .bss.f_collect_data
                0x0000000020000379        0x1 ./Project/Manager/Manager.o
 .bss.g_initialized
                0x000000002000037a        0x1 ./Project/Manager/Manager.o
 .bss.g_et_device_process_status
                0x000000002000037b        0x1 ./Project/Manager/Manager.o
 .bss.vec_MANAGER_CMDS__waiting
                0x000000002000037c       0x1e ./Project/Manager/Manager.o
 .bss.state_idx.4
                0x000000002000039a        0x1 ./Project/Manager/Manager.o
 *fill*         0x000000002000039b        0x1 
 .bss.data.3    0x000000002000039c        0x2 ./Project/Manager/Manager.o
 .bss.function_code.2
                0x000000002000039e        0x1 ./Project/Manager/Manager.o
 *fill*         0x000000002000039f        0x1 
 .bss.MODBUS_msg.1
                0x00000000200003a0       0x10 ./Project/Manager/Manager.o
 .bss.msg_size.0
                0x00000000200003b0        0x1 ./Project/Manager/Manager.o
 *fill*         0x00000000200003b1        0x3 
 .bss.__sf      0x00000000200003b4      0x138 C:/ST/STM32CubeIDE_1.13.2/STM32CubeIDE/plugins/com.st.stm32cube.ide.mcu.externaltools.gnu-tools-for-stm32.11.3.rel1.win32_1.1.1.202309131626/tools/bin/../lib/gcc/arm-none-eabi/11.3.1/../../../../arm-none-eabi/lib/thumb/v7e-m+fp/hard\libc_nano.a(libc_a-findfp.o)
                0x00000000200003b4                __sf
 .bss.__stdio_exit_handler
                0x00000000200004ec        0x4 C:/ST/STM32CubeIDE_1.13.2/STM32CubeIDE/plugins/com.st.stm32cube.ide.mcu.externaltools.gnu-tools-for-stm32.11.3.rel1.win32_1.1.1.202309131626/tools/bin/../lib/gcc/arm-none-eabi/11.3.1/../../../../arm-none-eabi/lib/thumb/v7e-m+fp/hard\libc_nano.a(libc_a-findfp.o)
                0x00000000200004ec                __stdio_exit_handler
 .bss.errno     0x00000000200004f0        0x4 C:/ST/STM32CubeIDE_1.13.2/STM32CubeIDE/plugins/com.st.stm32cube.ide.mcu.externaltools.gnu-tools-for-stm32.11.3.rel1.win32_1.1.1.202309131626/tools/bin/../lib/gcc/arm-none-eabi/11.3.1/../../../../arm-none-eabi/lib/thumb/v7e-m+fp/hard\libc_nano.a(libc_a-reent.o)
                0x00000000200004f0                errno
 .bss.__lock___malloc_recursive_mutex
                0x00000000200004f4        0x1 C:/ST/STM32CubeIDE_1.13.2/STM32CubeIDE/plugins/com.st.stm32cube.ide.mcu.externaltools.gnu-tools-for-stm32.11.3.rel1.win32_1.1.1.202309131626/tools/bin/../lib/gcc/arm-none-eabi/11.3.1/../../../../arm-none-eabi/lib/thumb/v7e-m+fp/hard\libc_nano.a(libc_a-lock.o)
                0x00000000200004f4                __lock___malloc_recursive_mutex
 .bss.__lock___sfp_recursive_mutex
                0x00000000200004f5        0x1 C:/ST/STM32CubeIDE_1.13.2/STM32CubeIDE/plugins/com.st.stm32cube.ide.mcu.externaltools.gnu-tools-for-stm32.11.3.rel1.win32_1.1.1.202309131626/tools/bin/../lib/gcc/arm-none-eabi/11.3.1/../../../../arm-none-eabi/lib/thumb/v7e-m+fp/hard\libc_nano.a(libc_a-lock.o)
                0x00000000200004f5                __lock___sfp_recursive_mutex
 *fill*         0x00000000200004f6        0x2 
 .bss.__malloc_free_list
                0x00000000200004f8        0x4 C:/ST/STM32CubeIDE_1.13.2/STM32CubeIDE/plugins/com.st.stm32cube.ide.mcu.externaltools.gnu-tools-for-stm32.11.3.rel1.win32_1.1.1.202309131626/tools/bin/../lib/gcc/arm-none-eabi/11.3.1/../../../../arm-none-eabi/lib/thumb/v7e-m+fp/hard\libc_nano.a(libc_a-mallocr.o)
                0x00000000200004f8                __malloc_free_list
 .bss.__malloc_sbrk_start
                0x00000000200004fc        0x4 C:/ST/STM32CubeIDE_1.13.2/STM32CubeIDE/plugins/com.st.stm32cube.ide.mcu.externaltools.gnu-tools-for-stm32.11.3.rel1.win32_1.1.1.202309131626/tools/bin/../lib/gcc/arm-none-eabi/11.3.1/../../../../arm-none-eabi/lib/thumb/v7e-m+fp/hard\libc_nano.a(libc_a-mallocr.o)
                0x00000000200004fc                __malloc_sbrk_start
 *(COMMON)
                0x0000000020000500                . = ALIGN (0x4)
                0x0000000020000500                _ebss = .
                0x0000000020000500                __bss_end__ = _ebss

._user_heap_stack
                0x0000000020000500      0x600 load address 0x0000000008007870
                0x0000000020000500                . = ALIGN (0x8)
                [!provide]                        PROVIDE (end = .)
                0x0000000020000500                PROVIDE (_end = .)
                0x0000000020000700                . = (. + _Min_Heap_Size)
 *fill*         0x0000000020000500      0x200 
                0x0000000020000b00                . = (. + _Min_Stack_Size)
 *fill*         0x0000000020000700      0x400 
                0x0000000020000b00                . = ALIGN (0x8)

/DISCARD/
 libc.a(*)
 libm.a(*)
 libgcc.a(*)

.ARM.attributes
                0x0000000000000000       0x30
 *(.ARM.attributes)
 .ARM.attributes
                0x0000000000000000       0x1e C:/ST/STM32CubeIDE_1.13.2/STM32CubeIDE/plugins/com.st.stm32cube.ide.mcu.externaltools.gnu-tools-for-stm32.11.3.rel1.win32_1.1.1.202309131626/tools/bin/../lib/gcc/arm-none-eabi/11.3.1/thumb/v7e-m+fp/hard/crti.o
 .ARM.attributes
                0x000000000000001e       0x34 C:/ST/STM32CubeIDE_1.13.2/STM32CubeIDE/plugins/com.st.stm32cube.ide.mcu.externaltools.gnu-tools-for-stm32.11.3.rel1.win32_1.1.1.202309131626/tools/bin/../lib/gcc/arm-none-eabi/11.3.1/thumb/v7e-m+fp/hard/crtbegin.o
 .ARM.attributes
                0x0000000000000052       0x34 ./Core/Src/gpio.o
 .ARM.attributes
                0x0000000000000086       0x34 ./Core/Src/main.o
 .ARM.attributes
                0x00000000000000ba       0x34 ./Core/Src/stm32l4xx_hal_msp.o
 .ARM.attributes
                0x00000000000000ee       0x34 ./Core/Src/stm32l4xx_it.o
 .ARM.attributes
                0x0000000000000122       0x34 ./Core/Src/syscalls.o
 .ARM.attributes
                0x0000000000000156       0x34 ./Core/Src/sysmem.o
 .ARM.attributes
                0x000000000000018a       0x34 ./Core/Src/system_stm32l4xx.o
 .ARM.attributes
                0x00000000000001be       0x34 ./Core/Src/usart.o
 .ARM.attributes
                0x00000000000001f2       0x21 ./Core/Startup/startup_stm32l476rgtx.o
 .ARM.attributes
                0x0000000000000213       0x34 ./Drivers/STM32L4xx_HAL_Driver/Src/stm32l4xx_hal.o
 .ARM.attributes
                0x0000000000000247       0x34 ./Drivers/STM32L4xx_HAL_Driver/Src/stm32l4xx_hal_cortex.o
 .ARM.attributes
                0x000000000000027b       0x34 ./Drivers/STM32L4xx_HAL_Driver/Src/stm32l4xx_hal_dma.o
 .ARM.attributes
                0x00000000000002af       0x34 ./Drivers/STM32L4xx_HAL_Driver/Src/stm32l4xx_hal_gpio.o
 .ARM.attributes
                0x00000000000002e3       0x34 ./Drivers/STM32L4xx_HAL_Driver/Src/stm32l4xx_hal_pwr_ex.o
 .ARM.attributes
                0x0000000000000317       0x34 ./Drivers/STM32L4xx_HAL_Driver/Src/stm32l4xx_hal_rcc.o
 .ARM.attributes
                0x000000000000034b       0x34 ./Drivers/STM32L4xx_HAL_Driver/Src/stm32l4xx_hal_rcc_ex.o
 .ARM.attributes
                0x000000000000037f       0x34 ./Drivers/STM32L4xx_HAL_Driver/Src/stm32l4xx_hal_uart.o
 .ARM.attributes
                0x00000000000003b3       0x34 ./Drivers/STM32L4xx_HAL_Driver/Src/stm32l4xx_hal_uart_ex.o
 .ARM.attributes
                0x00000000000003e7       0x34 ./Project/CeNTI_Library/HAL/COM/UART/RingBuffer/CeNTI_UART_1_RingBuffer.o
 .ARM.attributes
                0x000000000000041b       0x34 ./Project/CeNTI_Library/HAL/GPIO/CeNTI_GPIO.o
 .ARM.attributes
                0x000000000000044f       0x34 ./Project/CeNTI_Library/lib/ArrayList/CeNTI_ArrayList.o
 .ARM.attributes
                0x0000000000000483       0x34 ./Project/CeNTI_Library/lib/Debug/CeNTI_Debug.o
 .ARM.attributes
                0x00000000000004b7       0x34 ./Project/CeNTI_Library/lib/SoftTimer/CeNTI_SoftTimer.o
 .ARM.attributes
                0x00000000000004eb       0x34 ./Project/CeNTI_Library/lib/Time/CeNTI_Time.o
 .ARM.attributes
                0x000000000000051f       0x34 ./Project/Devices/MODBUS/MODBUS.o
 .ARM.attributes
                0x0000000000000553       0x34 ./Project/Manager/Manager.o
 .ARM.attributes
                0x0000000000000587       0x34 C:/ST/STM32CubeIDE_1.13.2/STM32CubeIDE/plugins/com.st.stm32cube.ide.mcu.externaltools.gnu-tools-for-stm32.11.3.rel1.win32_1.1.1.202309131626/tools/bin/../lib/gcc/arm-none-eabi/11.3.1/../../../../arm-none-eabi/lib/thumb/v7e-m+fp/hard\libc_nano.a(libc_a-findfp.o)
 .ARM.attributes
                0x00000000000005bb       0x34 C:/ST/STM32CubeIDE_1.13.2/STM32CubeIDE/plugins/com.st.stm32cube.ide.mcu.externaltools.gnu-tools-for-stm32.11.3.rel1.win32_1.1.1.202309131626/tools/bin/../lib/gcc/arm-none-eabi/11.3.1/../../../../arm-none-eabi/lib/thumb/v7e-m+fp/hard\libc_nano.a(libc_a-fwalk.o)
 .ARM.attributes
                0x00000000000005ef       0x34 C:/ST/STM32CubeIDE_1.13.2/STM32CubeIDE/plugins/com.st.stm32cube.ide.mcu.externaltools.gnu-tools-for-stm32.11.3.rel1.win32_1.1.1.202309131626/tools/bin/../lib/gcc/arm-none-eabi/11.3.1/../../../../arm-none-eabi/lib/thumb/v7e-m+fp/hard\libc_nano.a(libc_a-printf.o)
 .ARM.attributes
                0x0000000000000623       0x34 C:/ST/STM32CubeIDE_1.13.2/STM32CubeIDE/plugins/com.st.stm32cube.ide.mcu.externaltools.gnu-tools-for-stm32.11.3.rel1.win32_1.1.1.202309131626/tools/bin/../lib/gcc/arm-none-eabi/11.3.1/../../../../arm-none-eabi/lib/thumb/v7e-m+fp/hard\libc_nano.a(libc_a-putchar.o)
 .ARM.attributes
                0x0000000000000657       0x34 C:/ST/STM32CubeIDE_1.13.2/STM32CubeIDE/plugins/com.st.stm32cube.ide.mcu.externaltools.gnu-tools-for-stm32.11.3.rel1.win32_1.1.1.202309131626/tools/bin/../lib/gcc/arm-none-eabi/11.3.1/../../../../arm-none-eabi/lib/thumb/v7e-m+fp/hard\libc_nano.a(libc_a-stdio.o)
 .ARM.attributes
                0x000000000000068b       0x34 C:/ST/STM32CubeIDE_1.13.2/STM32CubeIDE/plugins/com.st.stm32cube.ide.mcu.externaltools.gnu-tools-for-stm32.11.3.rel1.win32_1.1.1.202309131626/tools/bin/../lib/gcc/arm-none-eabi/11.3.1/../../../../arm-none-eabi/lib/thumb/v7e-m+fp/hard\libc_nano.a(libc_a-memmove.o)
 .ARM.attributes
                0x00000000000006bf       0x34 C:/ST/STM32CubeIDE_1.13.2/STM32CubeIDE/plugins/com.st.stm32cube.ide.mcu.externaltools.gnu-tools-for-stm32.11.3.rel1.win32_1.1.1.202309131626/tools/bin/../lib/gcc/arm-none-eabi/11.3.1/../../../../arm-none-eabi/lib/thumb/v7e-m+fp/hard\libc_nano.a(libc_a-memset.o)
 .ARM.attributes
                0x00000000000006f3       0x34 C:/ST/STM32CubeIDE_1.13.2/STM32CubeIDE/plugins/com.st.stm32cube.ide.mcu.externaltools.gnu-tools-for-stm32.11.3.rel1.win32_1.1.1.202309131626/tools/bin/../lib/gcc/arm-none-eabi/11.3.1/../../../../arm-none-eabi/lib/thumb/v7e-m+fp/hard\libc_nano.a(libc_a-closer.o)
 .ARM.attributes
                0x0000000000000727       0x34 C:/ST/STM32CubeIDE_1.13.2/STM32CubeIDE/plugins/com.st.stm32cube.ide.mcu.externaltools.gnu-tools-for-stm32.11.3.rel1.win32_1.1.1.202309131626/tools/bin/../lib/gcc/arm-none-eabi/11.3.1/../../../../arm-none-eabi/lib/thumb/v7e-m+fp/hard\libc_nano.a(libc_a-reent.o)
 .ARM.attributes
                0x000000000000075b       0x34 C:/ST/STM32CubeIDE_1.13.2/STM32CubeIDE/plugins/com.st.stm32cube.ide.mcu.externaltools.gnu-tools-for-stm32.11.3.rel1.win32_1.1.1.202309131626/tools/bin/../lib/gcc/arm-none-eabi/11.3.1/../../../../arm-none-eabi/lib/thumb/v7e-m+fp/hard\libc_nano.a(libc_a-impure.o)
 .ARM.attributes
                0x000000000000078f       0x34 C:/ST/STM32CubeIDE_1.13.2/STM32CubeIDE/plugins/com.st.stm32cube.ide.mcu.externaltools.gnu-tools-for-stm32.11.3.rel1.win32_1.1.1.202309131626/tools/bin/../lib/gcc/arm-none-eabi/11.3.1/../../../../arm-none-eabi/lib/thumb/v7e-m+fp/hard\libc_nano.a(libc_a-lseekr.o)
 .ARM.attributes
                0x00000000000007c3       0x34 C:/ST/STM32CubeIDE_1.13.2/STM32CubeIDE/plugins/com.st.stm32cube.ide.mcu.externaltools.gnu-tools-for-stm32.11.3.rel1.win32_1.1.1.202309131626/tools/bin/../lib/gcc/arm-none-eabi/11.3.1/../../../../arm-none-eabi/lib/thumb/v7e-m+fp/hard\libc_nano.a(libc_a-readr.o)
 .ARM.attributes
                0x00000000000007f7       0x34 C:/ST/STM32CubeIDE_1.13.2/STM32CubeIDE/plugins/com.st.stm32cube.ide.mcu.externaltools.gnu-tools-for-stm32.11.3.rel1.win32_1.1.1.202309131626/tools/bin/../lib/gcc/arm-none-eabi/11.3.1/../../../../arm-none-eabi/lib/thumb/v7e-m+fp/hard\libc_nano.a(libc_a-writer.o)
 .ARM.attributes
                0x000000000000082b       0x34 C:/ST/STM32CubeIDE_1.13.2/STM32CubeIDE/plugins/com.st.stm32cube.ide.mcu.externaltools.gnu-tools-for-stm32.11.3.rel1.win32_1.1.1.202309131626/tools/bin/../lib/gcc/arm-none-eabi/11.3.1/../../../../arm-none-eabi/lib/thumb/v7e-m+fp/hard\libc_nano.a(libc_a-errno.o)
 .ARM.attributes
                0x000000000000085f       0x34 C:/ST/STM32CubeIDE_1.13.2/STM32CubeIDE/plugins/com.st.stm32cube.ide.mcu.externaltools.gnu-tools-for-stm32.11.3.rel1.win32_1.1.1.202309131626/tools/bin/../lib/gcc/arm-none-eabi/11.3.1/../../../../arm-none-eabi/lib/thumb/v7e-m+fp/hard\libc_nano.a(libc_a-init.o)
 .ARM.attributes
                0x0000000000000893       0x34 C:/ST/STM32CubeIDE_1.13.2/STM32CubeIDE/plugins/com.st.stm32cube.ide.mcu.externaltools.gnu-tools-for-stm32.11.3.rel1.win32_1.1.1.202309131626/tools/bin/../lib/gcc/arm-none-eabi/11.3.1/../../../../arm-none-eabi/lib/thumb/v7e-m+fp/hard\libc_nano.a(libc_a-lock.o)
 .ARM.attributes
                0x00000000000008c7       0x34 C:/ST/STM32CubeIDE_1.13.2/STM32CubeIDE/plugins/com.st.stm32cube.ide.mcu.externaltools.gnu-tools-for-stm32.11.3.rel1.win32_1.1.1.202309131626/tools/bin/../lib/gcc/arm-none-eabi/11.3.1/../../../../arm-none-eabi/lib/thumb/v7e-m+fp/hard\libc_nano.a(libc_a-memcpy-stub.o)
 .ARM.attributes
                0x00000000000008fb       0x34 C:/ST/STM32CubeIDE_1.13.2/STM32CubeIDE/plugins/com.st.stm32cube.ide.mcu.externaltools.gnu-tools-for-stm32.11.3.rel1.win32_1.1.1.202309131626/tools/bin/../lib/gcc/arm-none-eabi/11.3.1/../../../../arm-none-eabi/lib/thumb/v7e-m+fp/hard\libc_nano.a(libc_a-freer.o)
 .ARM.attributes
                0x000000000000092f       0x34 C:/ST/STM32CubeIDE_1.13.2/STM32CubeIDE/plugins/com.st.stm32cube.ide.mcu.externaltools.gnu-tools-for-stm32.11.3.rel1.win32_1.1.1.202309131626/tools/bin/../lib/gcc/arm-none-eabi/11.3.1/../../../../arm-none-eabi/lib/thumb/v7e-m+fp/hard\libc_nano.a(libc_a-mallocr.o)
 .ARM.attributes
                0x0000000000000963       0x34 C:/ST/STM32CubeIDE_1.13.2/STM32CubeIDE/plugins/com.st.stm32cube.ide.mcu.externaltools.gnu-tools-for-stm32.11.3.rel1.win32_1.1.1.202309131626/tools/bin/../lib/gcc/arm-none-eabi/11.3.1/../../../../arm-none-eabi/lib/thumb/v7e-m+fp/hard\libc_nano.a(libc_a-mlock.o)
 .ARM.attributes
                0x0000000000000997       0x34 C:/ST/STM32CubeIDE_1.13.2/STM32CubeIDE/plugins/com.st.stm32cube.ide.mcu.externaltools.gnu-tools-for-stm32.11.3.rel1.win32_1.1.1.202309131626/tools/bin/../lib/gcc/arm-none-eabi/11.3.1/../../../../arm-none-eabi/lib/thumb/v7e-m+fp/hard\libc_nano.a(libc_a-nano-vfprintf.o)
 .ARM.attributes
                0x00000000000009cb       0x34 C:/ST/STM32CubeIDE_1.13.2/STM32CubeIDE/plugins/com.st.stm32cube.ide.mcu.externaltools.gnu-tools-for-stm32.11.3.rel1.win32_1.1.1.202309131626/tools/bin/../lib/gcc/arm-none-eabi/11.3.1/../../../../arm-none-eabi/lib/thumb/v7e-m+fp/hard\libc_nano.a(libc_a-nano-vfprintf_i.o)
 .ARM.attributes
                0x00000000000009ff       0x34 C:/ST/STM32CubeIDE_1.13.2/STM32CubeIDE/plugins/com.st.stm32cube.ide.mcu.externaltools.gnu-tools-for-stm32.11.3.rel1.win32_1.1.1.202309131626/tools/bin/../lib/gcc/arm-none-eabi/11.3.1/../../../../arm-none-eabi/lib/thumb/v7e-m+fp/hard\libc_nano.a(libc_a-fflush.o)
 .ARM.attributes
                0x0000000000000a33       0x34 C:/ST/STM32CubeIDE_1.13.2/STM32CubeIDE/plugins/com.st.stm32cube.ide.mcu.externaltools.gnu-tools-for-stm32.11.3.rel1.win32_1.1.1.202309131626/tools/bin/../lib/gcc/arm-none-eabi/11.3.1/../../../../arm-none-eabi/lib/thumb/v7e-m+fp/hard\libc_nano.a(libc_a-putc.o)
 .ARM.attributes
                0x0000000000000a67       0x34 C:/ST/STM32CubeIDE_1.13.2/STM32CubeIDE/plugins/com.st.stm32cube.ide.mcu.externaltools.gnu-tools-for-stm32.11.3.rel1.win32_1.1.1.202309131626/tools/bin/../lib/gcc/arm-none-eabi/11.3.1/../../../../arm-none-eabi/lib/thumb/v7e-m+fp/hard\libc_nano.a(libc_a-wbuf.o)
 .ARM.attributes
                0x0000000000000a9b       0x34 C:/ST/STM32CubeIDE_1.13.2/STM32CubeIDE/plugins/com.st.stm32cube.ide.mcu.externaltools.gnu-tools-for-stm32.11.3.rel1.win32_1.1.1.202309131626/tools/bin/../lib/gcc/arm-none-eabi/11.3.1/../../../../arm-none-eabi/lib/thumb/v7e-m+fp/hard\libc_nano.a(libc_a-wsetup.o)
 .ARM.attributes
                0x0000000000000acf       0x34 C:/ST/STM32CubeIDE_1.13.2/STM32CubeIDE/plugins/com.st.stm32cube.ide.mcu.externaltools.gnu-tools-for-stm32.11.3.rel1.win32_1.1.1.202309131626/tools/bin/../lib/gcc/arm-none-eabi/11.3.1/../../../../arm-none-eabi/lib/thumb/v7e-m+fp/hard\libc_nano.a(libc_a-sbrkr.o)
 .ARM.attributes
                0x0000000000000b03       0x1c C:/ST/STM32CubeIDE_1.13.2/STM32CubeIDE/plugins/com.st.stm32cube.ide.mcu.externaltools.gnu-tools-for-stm32.11.3.rel1.win32_1.1.1.202309131626/tools/bin/../lib/gcc/arm-none-eabi/11.3.1/../../../../arm-none-eabi/lib/thumb/v7e-m+fp/hard\libc_nano.a(libc_a-memchr.o)
 .ARM.attributes
                0x0000000000000b1f       0x34 C:/ST/STM32CubeIDE_1.13.2/STM32CubeIDE/plugins/com.st.stm32cube.ide.mcu.externaltools.gnu-tools-for-stm32.11.3.rel1.win32_1.1.1.202309131626/tools/bin/../lib/gcc/arm-none-eabi/11.3.1/../../../../arm-none-eabi/lib/thumb/v7e-m+fp/hard\libc_nano.a(libc_a-makebuf.o)
 .ARM.attributes
                0x0000000000000b53       0x34 C:/ST/STM32CubeIDE_1.13.2/STM32CubeIDE/plugins/com.st.stm32cube.ide.mcu.externaltools.gnu-tools-for-stm32.11.3.rel1.win32_1.1.1.202309131626/tools/bin/../lib/gcc/arm-none-eabi/11.3.1/../../../../arm-none-eabi/lib/thumb/v7e-m+fp/hard\libc_nano.a(libc_a-fstatr.o)
 .ARM.attributes
                0x0000000000000b87       0x34 C:/ST/STM32CubeIDE_1.13.2/STM32CubeIDE/plugins/com.st.stm32cube.ide.mcu.externaltools.gnu-tools-for-stm32.11.3.rel1.win32_1.1.1.202309131626/tools/bin/../lib/gcc/arm-none-eabi/11.3.1/../../../../arm-none-eabi/lib/thumb/v7e-m+fp/hard\libc_nano.a(libc_a-isattyr.o)
 .ARM.attributes
                0x0000000000000bbb       0x1e C:/ST/STM32CubeIDE_1.13.2/STM32CubeIDE/plugins/com.st.stm32cube.ide.mcu.externaltools.gnu-tools-for-stm32.11.3.rel1.win32_1.1.1.202309131626/tools/bin/../lib/gcc/arm-none-eabi/11.3.1/thumb/v7e-m+fp/hard\libgcc.a(_aeabi_uldivmod.o)
 .ARM.attributes
                0x0000000000000bd9       0x34 C:/ST/STM32CubeIDE_1.13.2/STM32CubeIDE/plugins/com.st.stm32cube.ide.mcu.externaltools.gnu-tools-for-stm32.11.3.rel1.win32_1.1.1.202309131626/tools/bin/../lib/gcc/arm-none-eabi/11.3.1/thumb/v7e-m+fp/hard\libgcc.a(_udivmoddi4.o)
 .ARM.attributes
                0x0000000000000c0d       0x1e C:/ST/STM32CubeIDE_1.13.2/STM32CubeIDE/plugins/com.st.stm32cube.ide.mcu.externaltools.gnu-tools-for-stm32.11.3.rel1.win32_1.1.1.202309131626/tools/bin/../lib/gcc/arm-none-eabi/11.3.1/thumb/v7e-m+fp/hard\libgcc.a(_dvmd_tls.o)
 .ARM.attributes
                0x0000000000000c2b       0x1e C:/ST/STM32CubeIDE_1.13.2/STM32CubeIDE/plugins/com.st.stm32cube.ide.mcu.externaltools.gnu-tools-for-stm32.11.3.rel1.win32_1.1.1.202309131626/tools/bin/../lib/gcc/arm-none-eabi/11.3.1/thumb/v7e-m+fp/hard/crtn.o
OUTPUT(Teste_state_machine.elf elf32-littlearm)
LOAD linker stubs
LOAD C:/ST/STM32CubeIDE_1.13.2/STM32CubeIDE/plugins/com.st.stm32cube.ide.mcu.externaltools.gnu-tools-for-stm32.11.3.rel1.win32_1.1.1.202309131626/tools/bin/../lib/gcc/arm-none-eabi/11.3.1/../../../../arm-none-eabi/lib/thumb/v7e-m+fp/hard\libc.a
LOAD C:/ST/STM32CubeIDE_1.13.2/STM32CubeIDE/plugins/com.st.stm32cube.ide.mcu.externaltools.gnu-tools-for-stm32.11.3.rel1.win32_1.1.1.202309131626/tools/bin/../lib/gcc/arm-none-eabi/11.3.1/../../../../arm-none-eabi/lib/thumb/v7e-m+fp/hard\libm.a
LOAD C:/ST/STM32CubeIDE_1.13.2/STM32CubeIDE/plugins/com.st.stm32cube.ide.mcu.externaltools.gnu-tools-for-stm32.11.3.rel1.win32_1.1.1.202309131626/tools/bin/../lib/gcc/arm-none-eabi/11.3.1/thumb/v7e-m+fp/hard\libgcc.a

.comment        0x0000000000000000       0x43
 .comment       0x0000000000000000       0x43 C:/ST/STM32CubeIDE_1.13.2/STM32CubeIDE/plugins/com.st.stm32cube.ide.mcu.externaltools.gnu-tools-for-stm32.11.3.rel1.win32_1.1.1.202309131626/tools/bin/../lib/gcc/arm-none-eabi/11.3.1/thumb/v7e-m+fp/hard/crtbegin.o
                                         0x44 (size before relaxing)
 .comment       0x0000000000000043       0x44 ./Core/Src/gpio.o
 .comment       0x0000000000000043       0x44 ./Core/Src/main.o
 .comment       0x0000000000000043       0x44 ./Core/Src/stm32l4xx_hal_msp.o
 .comment       0x0000000000000043       0x44 ./Core/Src/stm32l4xx_it.o
 .comment       0x0000000000000043       0x44 ./Core/Src/syscalls.o
 .comment       0x0000000000000043       0x44 ./Core/Src/sysmem.o
 .comment       0x0000000000000043       0x44 ./Core/Src/system_stm32l4xx.o
 .comment       0x0000000000000043       0x44 ./Core/Src/usart.o
 .comment       0x0000000000000043       0x44 ./Drivers/STM32L4xx_HAL_Driver/Src/stm32l4xx_hal.o
 .comment       0x0000000000000043       0x44 ./Drivers/STM32L4xx_HAL_Driver/Src/stm32l4xx_hal_cortex.o
 .comment       0x0000000000000043       0x44 ./Drivers/STM32L4xx_HAL_Driver/Src/stm32l4xx_hal_dma.o
 .comment       0x0000000000000043       0x44 ./Drivers/STM32L4xx_HAL_Driver/Src/stm32l4xx_hal_gpio.o
 .comment       0x0000000000000043       0x44 ./Drivers/STM32L4xx_HAL_Driver/Src/stm32l4xx_hal_pwr_ex.o
 .comment       0x0000000000000043       0x44 ./Drivers/STM32L4xx_HAL_Driver/Src/stm32l4xx_hal_rcc.o
 .comment       0x0000000000000043       0x44 ./Drivers/STM32L4xx_HAL_Driver/Src/stm32l4xx_hal_rcc_ex.o
 .comment       0x0000000000000043       0x44 ./Drivers/STM32L4xx_HAL_Driver/Src/stm32l4xx_hal_uart.o
 .comment       0x0000000000000043       0x44 ./Drivers/STM32L4xx_HAL_Driver/Src/stm32l4xx_hal_uart_ex.o
 .comment       0x0000000000000043       0x44 ./Project/CeNTI_Library/HAL/COM/UART/RingBuffer/CeNTI_UART_1_RingBuffer.o
 .comment       0x0000000000000043       0x44 ./Project/CeNTI_Library/HAL/GPIO/CeNTI_GPIO.o
 .comment       0x0000000000000043       0x44 ./Project/CeNTI_Library/lib/ArrayList/CeNTI_ArrayList.o
 .comment       0x0000000000000043       0x44 ./Project/CeNTI_Library/lib/Debug/CeNTI_Debug.o
 .comment       0x0000000000000043       0x44 ./Project/CeNTI_Library/lib/SoftTimer/CeNTI_SoftTimer.o
 .comment       0x0000000000000043       0x44 ./Project/CeNTI_Library/lib/Time/CeNTI_Time.o
 .comment       0x0000000000000043       0x44 ./Project/Devices/MODBUS/MODBUS.o