../Project/CeNTI_Library/HAL/COM/UART/RingBuffer/CeNTI_UART_1_RingBuffer.c:270:8:UART_1_RingBuffer__Initialize	8	static
../Project/CeNTI_Library/HAL/COM/UART/RingBuffer/CeNTI_UART_1_RingBuffer.c:401:8:UART_1_RingBuffer__Write	24	static
../Project/CeNTI_Library/HAL/COM/UART/RingBuffer/CeNTI_UART_1_RingBuffer.c:474:8:UART_1_RingBuffer__Read	24	static
../Project/CeNTI_Library/HAL/COM/UART/RingBuffer/CeNTI_UART_1_RingBuffer.c:552:8:UART_1_RingBuffer__SetTxCB	16	static
../Project/CeNTI_Library/HAL/COM/UART/RingBuffer/CeNTI_UART_1_RingBuffer.c:562:8:UART_1_RingBuffer__SetRxCB	16	static
../Project/CeNTI_Library/HAL/COM/UART/RingBuffer/CeNTI_UART_1_RingBuffer.c:572:8:UART_1_RingBuffer__GetTxFlag	16	static
../Project/CeNTI_Library/HAL/COM/UART/RingBuffer/CeNTI_UART_1_RingBuffer.c:582:8:UART_1_RingBuffer__GetRxFlag	16	static
../Project/CeNTI_Library/HAL/COM/UART/RingBuffer/CeNTI_UART_1_RingBuffer.c:592:8:UART_1_RingBuffer__GetRxRemainSize	4	static
../Project/CeNTI_Library/HAL/COM/UART/RingBuffer/CeNTI_UART_1_RingBuffer.c:609:8:UART_1_RingBuffer__GetTxRemainSize	4	static
../Project/CeNTI_Library/HAL/COM/UART/RingBuffer/CeNTI_UART_1_RingBuffer.c:626:6:UART_1_RingBuffer__ClearRxFIFO	4	static
../Project/CeNTI_Library/HAL/COM/UART/RingBuffer/CeNTI_UART_1_RingBuffer.c:633:6:UART_1_RingBuffer__ClearTxFIFO	4	static
../Project/CeNTI_Library/HAL/COM/UART/RingBuffer/CeNTI_UART_1_RingBuffer.c:657:10:HAL_UART_RxCpltCallback	16	static
../Project/CeNTI_Library/HAL/COM/UART/RingBuffer/CeNTI_UART_1_RingBuffer.c:725:10:HAL_UART_TxCpltCallback	24	static
