../Project/Devices/MODBUS/MODBUS.c:133:8:MODBUS__Initialize	32	static
../Project/Devices/MODBUS/MODBUS.c:166:15:MODBUS_Slave__ARRAYLIST_Function_Codes_Init	24	static
../Project/Devices/MODBUS/MODBUS.c:201:15:MODBUS_Slave__ARRAYLIST_Registers_Init	24	static
../Project/Devices/MODBUS/MODBUS.c:224:6:MODBUS_Slave__Check_Valid_Function_Code	24	static
../Project/Devices/MODBUS/MODBUS.c:240:6:MODBUS_Slave__Check_Valid_Register_Address	24	static
../Project/Devices/MODBUS/MODBUS.c:256:6:MODBUS_Slave__Check_Valid_Message	16	static
../Project/Devices/MODBUS/MODBUS.c:272:6:MODBUS_Slave__Parser_Command	24	static
../Project/Devices/MODBUS/MODBUS.c:406:6:MODBUS__Check_CRC	24	static
../Project/Devices/MODBUS/MODBUS.c:427:17:MODBUS__Calc_CRC	24	static
../Project/Devices/MODBUS/MODBUS.c:452:13:MODBUS__function_code_Cmp	16	static
../Project/Devices/MODBUS/MODBUS.c:460:13:MODBUS__register_Cmp	16	static
../Project/Devices/MODBUS/MODBUS.c:473:8:MODBUS__Send	32	static
../Project/Devices/MODBUS/MODBUS.c:489:8:MODBUS__Receive	40	static
../Project/Devices/MODBUS/MODBUS.c:587:15:COM__Write	32	static
../Project/Devices/MODBUS/MODBUS.c:598:15:COM__Read	32	static
