../Project/CeNTI_Library/lib/ArrayList/CeNTI_ArrayList.c:49:20:Element_Is_Equal	32	static
../Project/CeNTI_Library/lib/ArrayList/CeNTI_ArrayList.c:62:8:ArrayList__Initialize	40	static
../Project/CeNTI_Library/lib/ArrayList/CeNTI_ArrayList.c:94:8:ArrayList__Set_CompareFunction	24	static
../Project/CeNTI_Library/lib/ArrayList/CeNTI_ArrayList.c:104:8:ArrayList__Search	40	static
../Project/CeNTI_Library/lib/ArrayList/CeNTI_ArrayList.c:132:8:ArrayList__Get	32	static
../Project/CeNTI_Library/lib/ArrayList/CeNTI_ArrayList.c:151:8:ArrayList__Add	32	static
../Project/CeNTI_Library/lib/ArrayList/CeNTI_ArrayList.c:170:8:ArrayList__RemoveAt	32	static
../Project/CeNTI_Library/lib/ArrayList/CeNTI_ArrayList.c:193:8:ArrayList__Remove	32	static
../Project/CeNTI_Library/lib/ArrayList/CeNTI_ArrayList.c:216:8:ArrayList__RemoveLast	32	static
../Project/CeNTI_Library/lib/ArrayList/CeNTI_ArrayList.c:232:8:ArrayList__Sort	32	static
../Project/CeNTI_Library/lib/ArrayList/CeNTI_ArrayList.c:246:8:ArrayList_ForEach	32	static
../Project/CeNTI_Library/lib/ArrayList/CeNTI_ArrayList.c:260:8:ArrayList__Get_ElementCounter	16	static
../Project/CeNTI_Library/lib/ArrayList/CeNTI_ArrayList.c:265:8:ArrayList__Clear	48	static
../Project/CeNTI_Library/lib/ArrayList/CeNTI_ArrayList.c:275:8:ArrayList__Contains	40	static
